2022-05-28T07:26:58.9339132Z Requested labels: ubuntu-latest
2022-05-28T07:26:58.9339185Z Job defined at: wahyu9kdl/wahyu9kdl.github.io/dynamic/pages/pages-build-deployment@refs/heads/main
2022-05-28T07:26:58.9339213Z Waiting for a runner to pick up this job...
2022-05-28T07:27:01.5994945Z Job is waiting for a hosted runner to come online.
2022-05-28T07:27:03.1683322Z Job is about to start running on the hosted runner: GitHub Actions 16 (hosted)
2022-05-28T07:27:06.1949925Z Current runner version: '2.291.1'
2022-05-28T07:27:06.1975984Z ##[group]Operating System
2022-05-28T07:27:06.1976481Z Ubuntu
2022-05-28T07:27:06.1976772Z 20.04.4
2022-05-28T07:27:06.1977027Z LTS
2022-05-28T07:27:06.1977319Z ##[endgroup]
2022-05-28T07:27:06.1977583Z ##[group]Virtual Environment
2022-05-28T07:27:06.1977949Z Environment: ubuntu-20.04
2022-05-28T07:27:06.1978280Z Version: 20220515.1
2022-05-28T07:27:06.1978783Z Included Software: https://github.com/actions/virtual-environments/blob/ubuntu20/20220515.1/images/linux/Ubuntu2004-Readme.md
2022-05-28T07:27:06.1979362Z Image Release: https://github.com/actions/virtual-environments/releases/tag/ubuntu20%2F20220515.1
2022-05-28T07:27:06.1979790Z ##[endgroup]
2022-05-28T07:27:06.1980138Z ##[group]Virtual Environment Provisioner
2022-05-28T07:27:06.1980440Z 1.0.0.0-main-20220516-1
2022-05-28T07:27:06.1980742Z ##[endgroup]
2022-05-28T07:27:06.1981360Z ##[group]GITHUB_TOKEN Permissions
2022-05-28T07:27:06.1981868Z Contents: read
2022-05-28T07:27:06.1982281Z Metadata: read
2022-05-28T07:27:06.1982579Z Pages: write
2022-05-28T07:27:06.1982865Z ##[endgroup]
2022-05-28T07:27:06.1986346Z Secret source: Actions
2022-05-28T07:27:06.1986797Z Prepare workflow directory
2022-05-28T07:27:06.2826382Z Prepare all required actions
2022-05-28T07:27:06.3009795Z Getting action download info
2022-05-28T07:27:06.5302867Z Download action repository 'actions/checkout@v2' (SHA:7884fcad6b5d53d10323aee724dc68d8b9096a2e)
2022-05-28T07:27:07.4369898Z Download action repository 'actions/jekyll-build-pages@v1' (SHA:a683fd7394ddf6851ed96e69391e99603fbb5be1)
2022-05-28T07:27:08.2742442Z Download action repository 'actions/upload-pages-artifact@v0' (SHA:5abd6d2e035406f412d089536ee922a104d12f2b)
2022-05-28T07:27:08.8540266Z Getting action download info
2022-05-28T07:27:09.0267589Z Download action repository 'actions/upload-artifact@main' (SHA:3cea5372237819ed00197afe530f5a7ea3e805c8)
2022-05-28T07:27:09.8091516Z ##[group]Pull down action image 'ghcr.io/actions/jekyll-build-pages:v1.0.3'
2022-05-28T07:27:09.8160974Z ##[command]/usr/bin/docker pull ghcr.io/actions/jekyll-build-pages:v1.0.3
2022-05-28T07:27:11.1888479Z v1.0.3: Pulling from actions/jekyll-build-pages
2022-05-28T07:27:11.1888838Z eff15d958d66: Pulling fs layer
2022-05-28T07:27:11.1889071Z 923e91ae3a1b: Pulling fs layer
2022-05-28T07:27:11.1889303Z 2aa5d3a4a151: Pulling fs layer
2022-05-28T07:27:11.1889514Z bc64adf2d0b2: Pulling fs layer
2022-05-28T07:27:11.1889733Z bfc5cca7d80e: Pulling fs layer
2022-05-28T07:27:11.1889959Z 42572f4afcbf: Pulling fs layer
2022-05-28T07:27:11.1890163Z b27df5854eb4: Pulling fs layer
2022-05-28T07:27:11.1890377Z 5e60654b9df2: Pulling fs layer
2022-05-28T07:27:11.1890589Z ac62fa2975d4: Pulling fs layer
2022-05-28T07:27:11.1890788Z 056fdbce372a: Pulling fs layer
2022-05-28T07:27:11.1890992Z bc64adf2d0b2: Waiting
2022-05-28T07:27:11.1891214Z bfc5cca7d80e: Waiting
2022-05-28T07:27:11.1891635Z 42572f4afcbf: Waiting
2022-05-28T07:27:11.1891818Z b27df5854eb4: Waiting
2022-05-28T07:27:11.1891998Z 5e60654b9df2: Waiting
2022-05-28T07:27:11.1893881Z ac62fa2975d4: Waiting
2022-05-28T07:27:11.1894109Z 056fdbce372a: Waiting
2022-05-28T07:27:11.5469216Z 2aa5d3a4a151: Verifying Checksum
2022-05-28T07:27:11.5469863Z 2aa5d3a4a151: Download complete
2022-05-28T07:27:11.6472983Z 923e91ae3a1b: Verifying Checksum
2022-05-28T07:27:11.6473661Z 923e91ae3a1b: Download complete
2022-05-28T07:27:11.7873357Z eff15d958d66: Verifying Checksum
2022-05-28T07:27:11.7874500Z eff15d958d66: Download complete
2022-05-28T07:27:12.0538996Z bc64adf2d0b2: Verifying Checksum
2022-05-28T07:27:12.0540789Z bc64adf2d0b2: Download complete
2022-05-28T07:27:12.0932881Z bfc5cca7d80e: Verifying Checksum
2022-05-28T07:27:12.0933167Z bfc5cca7d80e: Download complete
2022-05-28T07:27:12.3834417Z b27df5854eb4: Verifying Checksum
2022-05-28T07:27:12.3834679Z b27df5854eb4: Download complete
2022-05-28T07:27:12.7857405Z ac62fa2975d4: Verifying Checksum
2022-05-28T07:27:12.7857703Z ac62fa2975d4: Download complete
2022-05-28T07:27:12.8642838Z 5e60654b9df2: Verifying Checksum
2022-05-28T07:27:12.8646098Z 5e60654b9df2: Download complete
2022-05-28T07:27:13.2501357Z 056fdbce372a: Verifying Checksum
2022-05-28T07:27:13.2501600Z 056fdbce372a: Download complete
2022-05-28T07:27:13.2761962Z 42572f4afcbf: Verifying Checksum
2022-05-28T07:27:13.2762238Z 42572f4afcbf: Download complete
2022-05-28T07:27:13.6063606Z eff15d958d66: Pull complete
2022-05-28T07:27:15.5773425Z 923e91ae3a1b: Pull complete
2022-05-28T07:27:15.6255915Z 2aa5d3a4a151: Pull complete
2022-05-28T07:27:16.1753401Z bc64adf2d0b2: Pull complete
2022-05-28T07:27:16.2328417Z bfc5cca7d80e: Pull complete
2022-05-28T07:27:21.5236160Z 42572f4afcbf: Pull complete
2022-05-28T07:27:21.5726788Z b27df5854eb4: Pull complete
2022-05-28T07:27:23.6286305Z 5e60654b9df2: Pull complete
2022-05-28T07:27:23.7055382Z ac62fa2975d4: Pull complete
2022-05-28T07:27:23.7580569Z 056fdbce372a: Pull complete
2022-05-28T07:27:23.7624368Z Digest: sha256:eb378fead166fa1571c3088324fe1630bdeec91c15f6061b6f6bf717019fb88d
2022-05-28T07:27:23.7650228Z Status: Downloaded newer image for ghcr.io/actions/jekyll-build-pages:v1.0.3
2022-05-28T07:27:23.7656436Z ghcr.io/actions/jekyll-build-pages:v1.0.3
2022-05-28T07:27:23.7679444Z ##[endgroup]
2022-05-28T07:27:23.8056074Z ##[group]Run actions/checkout@v2
2022-05-28T07:27:23.8056320Z with:
2022-05-28T07:27:23.8056504Z   ref: main
2022-05-28T07:27:23.8056700Z   submodules: recursive
2022-05-28T07:27:23.8056954Z   repository: wahyu9kdl/wahyu9kdl.github.io
2022-05-28T07:27:23.8057399Z   token: ***
2022-05-28T07:27:23.8057596Z   ssh-strict: true
2022-05-28T07:27:23.8057823Z   persist-credentials: true
2022-05-28T07:27:23.8058033Z   clean: true
2022-05-28T07:27:23.8058223Z   fetch-depth: 1
2022-05-28T07:27:23.8058408Z   lfs: false
2022-05-28T07:27:23.8058601Z   set-safe-directory: true
2022-05-28T07:27:23.8058808Z ##[endgroup]
2022-05-28T07:27:24.0569797Z Syncing repository: wahyu9kdl/wahyu9kdl.github.io
2022-05-28T07:27:24.0572109Z ##[group]Getting Git version info
2022-05-28T07:27:24.0572653Z Working directory is '/home/runner/work/wahyu9kdl.github.io/wahyu9kdl.github.io'
2022-05-28T07:27:24.0573189Z [command]/usr/bin/git version
2022-05-28T07:27:24.0662191Z git version 2.36.1
2022-05-28T07:27:24.0663056Z ##[endgroup]
2022-05-28T07:27:24.0677607Z Temporarily overriding HOME='/home/runner/work/_temp/ca4a13f3-b1a5-4bf9-bb86-a27de896b9dc' before making global git config changes
2022-05-28T07:27:24.0678168Z Adding repository directory to the temporary git global config as a safe directory
2022-05-28T07:27:24.0678819Z [command]/usr/bin/git config --global --add safe.directory /home/runner/work/wahyu9kdl.github.io/wahyu9kdl.github.io
2022-05-28T07:27:24.0711322Z Deleting the contents of '/home/runner/work/wahyu9kdl.github.io/wahyu9kdl.github.io'
2022-05-28T07:27:24.0715288Z ##[group]Initializing the repository
2022-05-28T07:27:24.0718891Z [command]/usr/bin/git init /home/runner/work/wahyu9kdl.github.io/wahyu9kdl.github.io
2022-05-28T07:27:24.0804932Z hint: Using 'master' as the name for the initial branch. This default branch name
2022-05-28T07:27:24.0805460Z hint: is subject to change. To configure the initial branch name to use in all
2022-05-28T07:27:24.0805915Z hint: of your new repositories, which will suppress this warning, call:
2022-05-28T07:27:24.0806250Z hint: 
2022-05-28T07:27:24.0806657Z hint: 	git config --global init.defaultBranch <name>
2022-05-28T07:27:24.0806968Z hint: 
2022-05-28T07:27:24.0807366Z hint: Names commonly chosen instead of 'master' are 'main', 'trunk' and
2022-05-28T07:27:24.0807877Z hint: 'development'. The just-created branch can be renamed via this command:
2022-05-28T07:27:24.0808214Z hint: 
2022-05-28T07:27:24.0808530Z hint: 	git branch -m <name>
2022-05-28T07:27:24.0816572Z Initialized empty Git repository in /home/runner/work/wahyu9kdl.github.io/wahyu9kdl.github.io/.git/
2022-05-28T07:27:24.0826184Z [command]/usr/bin/git remote add origin https://github.com/wahyu9kdl/wahyu9kdl.github.io
2022-05-28T07:27:24.0860592Z ##[endgroup]
2022-05-28T07:27:24.0861156Z ##[group]Disabling automatic garbage collection
2022-05-28T07:27:24.0897136Z [command]/usr/bin/git config --local gc.auto 0
2022-05-28T07:27:24.0924633Z ##[endgroup]
2022-05-28T07:27:24.0925153Z ##[group]Setting up auth
2022-05-28T07:27:24.0932416Z [command]/usr/bin/git config --local --name-only --get-regexp core\.sshCommand
2022-05-28T07:27:24.0963153Z [command]/usr/bin/git submodule foreach --recursive git config --local --name-only --get-regexp 'core\.sshCommand' && git config --local --unset-all 'core.sshCommand' || :
2022-05-28T07:27:24.1275299Z [command]/usr/bin/git config --local --name-only --get-regexp http\.https\:\/\/github\.com\/\.extraheader
2022-05-28T07:27:24.1306007Z [command]/usr/bin/git submodule foreach --recursive git config --local --name-only --get-regexp 'http\.https\:\/\/github\.com\/\.extraheader' && git config --local --unset-all 'http.https://github.com/.extraheader' || :
2022-05-28T07:27:24.1520280Z [command]/usr/bin/git config --local http.https://github.com/.extraheader AUTHORIZATION: basic ***
2022-05-28T07:27:24.1548691Z ##[endgroup]
2022-05-28T07:27:24.1550325Z ##[group]Fetching the repository
2022-05-28T07:27:24.1560331Z [command]/usr/bin/git -c protocol.version=2 fetch --no-tags --prune --progress --no-recurse-submodules --depth=1 origin +refs/heads/main*:refs/remotes/origin/main* +refs/tags/main*:refs/tags/main*
2022-05-28T07:27:24.6310065Z remote: Enumerating objects: 591, done.        
2022-05-28T07:27:24.6311283Z remote: Counting objects:   0% (1/591)        
2022-05-28T07:27:24.6314173Z remote: Counting objects:   1% (6/591)        
2022-05-28T07:27:24.6314688Z remote: Counting objects:   2% (12/591)        
2022-05-28T07:27:24.6314955Z remote: Counting objects:   3% (18/591)        
2022-05-28T07:27:24.6315217Z remote: Counting objects:   4% (24/591)        
2022-05-28T07:27:24.6319435Z remote: Counting objects:   5% (30/591)        
2022-05-28T07:27:24.6319840Z remote: Counting objects:   6% (36/591)        
2022-05-28T07:27:24.6320404Z remote: Counting objects:   7% (42/591)        
2022-05-28T07:27:24.6320814Z remote: Counting objects:   8% (48/591)        
2022-05-28T07:27:24.6321061Z remote: Counting objects:   9% (54/591)        
2022-05-28T07:27:24.6321310Z remote: Counting objects:  10% (60/591)        
2022-05-28T07:27:24.6321549Z remote: Counting objects:  11% (66/591)        
2022-05-28T07:27:24.6321787Z remote: Counting objects:  12% (71/591)        
2022-05-28T07:27:24.6322020Z remote: Counting objects:  13% (77/591)        
2022-05-28T07:27:24.6322255Z remote: Counting objects:  14% (83/591)        
2022-05-28T07:27:24.6322493Z remote: Counting objects:  15% (89/591)        
2022-05-28T07:27:24.6322725Z remote: Counting objects:  16% (95/591)        
2022-05-28T07:27:24.6322971Z remote: Counting objects:  17% (101/591)        
2022-05-28T07:27:24.6323239Z remote: Counting objects:  18% (107/591)        
2022-05-28T07:27:24.6323477Z remote: Counting objects:  19% (113/591)        
2022-05-28T07:27:24.6323718Z remote: Counting objects:  20% (119/591)        
2022-05-28T07:27:24.6323955Z remote: Counting objects:  21% (125/591)        
2022-05-28T07:27:24.6324208Z remote: Counting objects:  22% (131/591)        
2022-05-28T07:27:24.6324448Z remote: Counting objects:  23% (136/591)        
2022-05-28T07:27:24.6324688Z remote: Counting objects:  24% (142/591)        
2022-05-28T07:27:24.6324926Z remote: Counting objects:  25% (148/591)        
2022-05-28T07:27:24.6325158Z remote: Counting objects:  26% (154/591)        
2022-05-28T07:27:24.6325407Z remote: Counting objects:  27% (160/591)        
2022-05-28T07:27:24.6325715Z remote: Counting objects:  28% (166/591)        
2022-05-28T07:27:24.6325956Z remote: Counting objects:  29% (172/591)        
2022-05-28T07:27:24.6326186Z remote: Counting objects:  30% (178/591)        
2022-05-28T07:27:24.6326427Z remote: Counting objects:  31% (184/591)        
2022-05-28T07:27:24.6326667Z remote: Counting objects:  32% (190/591)        
2022-05-28T07:27:24.6326895Z remote: Counting objects:  33% (196/591)        
2022-05-28T07:27:24.6327125Z remote: Counting objects:  34% (201/591)        
2022-05-28T07:27:24.6327563Z remote: Counting objects:  35% (207/591)        
2022-05-28T07:27:24.6327793Z remote: Counting objects:  36% (213/591)        
2022-05-28T07:27:24.6328038Z remote: Counting objects:  37% (219/591)        
2022-05-28T07:27:24.6328293Z remote: Counting objects:  38% (225/591)        
2022-05-28T07:27:24.6328527Z remote: Counting objects:  39% (231/591)        
2022-05-28T07:27:24.6328777Z remote: Counting objects:  40% (237/591)        
2022-05-28T07:27:24.6329018Z remote: Counting objects:  41% (243/591)        
2022-05-28T07:27:24.6329379Z remote: Counting objects:  42% (249/591)        
2022-05-28T07:27:24.6330185Z remote: Counting objects:  43% (255/591)        
2022-05-28T07:27:24.6330629Z remote: Counting objects:  44% (261/591)        
2022-05-28T07:27:24.6331168Z remote: Counting objects:  45% (266/591)        
2022-05-28T07:27:24.6331583Z remote: Counting objects:  46% (272/591)        
2022-05-28T07:27:24.6331846Z remote: Counting objects:  47% (278/591)        
2022-05-28T07:27:24.6332102Z remote: Counting objects:  48% (284/591)        
2022-05-28T07:27:24.6349435Z remote: Counting objects:  49% (290/591)        
2022-05-28T07:27:24.6350119Z remote: Counting objects:  50% (296/591)        
2022-05-28T07:27:24.6350385Z remote: Counting objects:  51% (302/591)        
2022-05-28T07:27:24.6350664Z remote: Counting objects:  52% (308/591)        
2022-05-28T07:27:24.6350893Z remote: Counting objects:  53% (314/591)        
2022-05-28T07:27:24.6351136Z remote: Counting objects:  54% (320/591)        
2022-05-28T07:27:24.6351386Z remote: Counting objects:  55% (326/591)        
2022-05-28T07:27:24.6351618Z remote: Counting objects:  56% (331/591)        
2022-05-28T07:27:24.6351858Z remote: Counting objects:  57% (337/591)        
2022-05-28T07:27:24.6352093Z remote: Counting objects:  58% (343/591)        
2022-05-28T07:27:24.6352327Z remote: Counting objects:  59% (349/591)        
2022-05-28T07:27:24.6352557Z remote: Counting objects:  60% (355/591)        
2022-05-28T07:27:24.6352801Z remote: Counting objects:  61% (361/591)        
2022-05-28T07:27:24.6353044Z remote: Counting objects:  62% (367/591)        
2022-05-28T07:27:24.6353273Z remote: Counting objects:  63% (373/591)        
2022-05-28T07:27:24.6353524Z remote: Counting objects:  64% (379/591)        
2022-05-28T07:27:24.6353762Z remote: Counting objects:  65% (385/591)        
2022-05-28T07:27:24.6354004Z remote: Counting objects:  66% (391/591)        
2022-05-28T07:27:24.6354232Z remote: Counting objects:  67% (396/591)        
2022-05-28T07:27:24.6354470Z remote: Counting objects:  68% (402/591)        
2022-05-28T07:27:24.6354703Z remote: Counting objects:  69% (408/591)        
2022-05-28T07:27:24.6354928Z remote: Counting objects:  70% (414/591)        
2022-05-28T07:27:24.6355160Z remote: Counting objects:  71% (420/591)        
2022-05-28T07:27:24.6355400Z remote: Counting objects:  72% (426/591)        
2022-05-28T07:27:24.6355637Z remote: Counting objects:  73% (432/591)        
2022-05-28T07:27:24.6355865Z remote: Counting objects:  74% (438/591)        
2022-05-28T07:27:24.6356095Z remote: Counting objects:  75% (444/591)        
2022-05-28T07:27:24.6356329Z remote: Counting objects:  76% (450/591)        
2022-05-28T07:27:24.6356553Z remote: Counting objects:  77% (456/591)        
2022-05-28T07:27:24.6356785Z remote: Counting objects:  78% (461/591)        
2022-05-28T07:27:24.6357018Z remote: Counting objects:  79% (467/591)        
2022-05-28T07:27:24.6357239Z remote: Counting objects:  80% (473/591)        
2022-05-28T07:27:24.6357467Z remote: Counting objects:  81% (479/591)        
2022-05-28T07:27:24.6357702Z remote: Counting objects:  82% (485/591)        
2022-05-28T07:27:24.6357927Z remote: Counting objects:  83% (491/591)        
2022-05-28T07:27:24.6358164Z remote: Counting objects:  84% (497/591)        
2022-05-28T07:27:24.6360295Z remote: Counting objects:  85% (503/591)        
2022-05-28T07:27:24.6360541Z remote: Counting objects:  86% (509/591)        
2022-05-28T07:27:24.6360867Z remote: Counting objects:  87% (515/591)        
2022-05-28T07:27:24.6361103Z remote: Counting objects:  88% (521/591)        
2022-05-28T07:27:24.6361342Z remote: Counting objects:  89% (526/591)        
2022-05-28T07:27:24.6361567Z remote: Counting objects:  90% (532/591)        
2022-05-28T07:27:24.6361798Z remote: Counting objects:  91% (538/591)        
2022-05-28T07:27:24.6362183Z remote: Counting objects:  92% (544/591)        
2022-05-28T07:27:24.6362421Z remote: Counting objects:  93% (550/591)        
2022-05-28T07:27:24.6364005Z remote: Counting objects:  94% (556/591)        
2022-05-28T07:27:24.6364441Z remote: Counting objects:  95% (562/591)        
2022-05-28T07:27:24.6364684Z remote: Counting objects:  96% (568/591)        
2022-05-28T07:27:24.6364930Z remote: Counting objects:  97% (574/591)        
2022-05-28T07:27:24.6365158Z remote: Counting objects:  98% (580/591)        
2022-05-28T07:27:24.6365388Z remote: Counting objects:  99% (586/591)        
2022-05-28T07:27:24.6365627Z remote: Counting objects: 100% (591/591)        
2022-05-28T07:27:24.6365877Z remote: Counting objects: 100% (591/591), done.        
2022-05-28T07:27:24.6366235Z remote: Compressing objects:   0% (1/458)        
2022-05-28T07:27:24.6366506Z remote: Compressing objects:   1% (5/458)        
2022-05-28T07:27:24.6366770Z remote: Compressing objects:   2% (10/458)        
2022-05-28T07:27:24.6367032Z remote: Compressing objects:   3% (14/458)        
2022-05-28T07:27:24.6367294Z remote: Compressing objects:   4% (19/458)        
2022-05-28T07:27:24.6367562Z remote: Compressing objects:   5% (23/458)        
2022-05-28T07:27:24.6367807Z remote: Compressing objects:   6% (28/458)        
2022-05-28T07:27:24.6368069Z remote: Compressing objects:   7% (33/458)        
2022-05-28T07:27:24.6368327Z remote: Compressing objects:   8% (37/458)        
2022-05-28T07:27:24.6368571Z remote: Compressing objects:   9% (42/458)        
2022-05-28T07:27:24.6368825Z remote: Compressing objects:  10% (46/458)        
2022-05-28T07:27:24.6369088Z remote: Compressing objects:  11% (51/458)        
2022-05-28T07:27:24.6369346Z remote: Compressing objects:  12% (55/458)        
2022-05-28T07:27:24.6787189Z remote: Compressing objects:  13% (60/458)        
2022-05-28T07:27:24.6787529Z remote: Compressing objects:  14% (65/458)        
2022-05-28T07:27:24.6787798Z remote: Compressing objects:  15% (69/458)        
2022-05-28T07:27:24.6788049Z remote: Compressing objects:  16% (74/458)        
2022-05-28T07:27:24.6788307Z remote: Compressing objects:  17% (78/458)        
2022-05-28T07:27:24.6788564Z remote: Compressing objects:  18% (83/458)        
2022-05-28T07:27:24.6788807Z remote: Compressing objects:  19% (88/458)        
2022-05-28T07:27:24.6789059Z remote: Compressing objects:  20% (92/458)        
2022-05-28T07:27:24.6789311Z remote: Compressing objects:  21% (97/458)        
2022-05-28T07:27:24.6789556Z remote: Compressing objects:  22% (101/458)        
2022-05-28T07:27:24.6789817Z remote: Compressing objects:  23% (106/458)        
2022-05-28T07:27:24.6790083Z remote: Compressing objects:  24% (110/458)        
2022-05-28T07:27:24.6790333Z remote: Compressing objects:  25% (115/458)        
2022-05-28T07:27:24.6790589Z remote: Compressing objects:  26% (120/458)        
2022-05-28T07:27:24.6790845Z remote: Compressing objects:  27% (124/458)        
2022-05-28T07:27:24.6791101Z remote: Compressing objects:  28% (129/458)        
2022-05-28T07:27:24.6791345Z remote: Compressing objects:  29% (133/458)        
2022-05-28T07:27:24.6791592Z remote: Compressing objects:  30% (138/458)        
2022-05-28T07:27:24.6791841Z remote: Compressing objects:  31% (142/458)        
2022-05-28T07:27:24.6792077Z remote: Compressing objects:  32% (147/458)        
2022-05-28T07:27:24.6792329Z remote: Compressing objects:  33% (152/458)        
2022-05-28T07:27:24.6792580Z remote: Compressing objects:  34% (156/458)        
2022-05-28T07:27:24.6792817Z remote: Compressing objects:  35% (161/458)        
2022-05-28T07:27:24.6793063Z remote: Compressing objects:  36% (165/458)        
2022-05-28T07:27:24.6793568Z remote: Compressing objects:  37% (170/458)        
2022-05-28T07:27:24.6793820Z remote: Compressing objects:  38% (175/458)        
2022-05-28T07:27:24.6794064Z remote: Compressing objects:  39% (179/458)        
2022-05-28T07:27:24.6794311Z remote: Compressing objects:  40% (184/458)        
2022-05-28T07:27:24.6794562Z remote: Compressing objects:  41% (188/458)        
2022-05-28T07:27:24.6794800Z remote: Compressing objects:  42% (193/458)        
2022-05-28T07:27:24.6795047Z remote: Compressing objects:  43% (197/458)        
2022-05-28T07:27:24.6795305Z remote: Compressing objects:  44% (202/458)        
2022-05-28T07:27:24.6827752Z remote: Compressing objects:  45% (207/458)        
2022-05-28T07:27:24.6889260Z remote: Compressing objects:  46% (211/458)        
2022-05-28T07:27:24.6889538Z remote: Compressing objects:  47% (216/458)        
2022-05-28T07:27:24.6930463Z remote: Compressing objects:  48% (220/458)        
2022-05-28T07:27:24.7048289Z remote: Compressing objects:  49% (225/458)        
2022-05-28T07:27:24.7080186Z remote: Compressing objects:  50% (229/458)        
2022-05-28T07:27:24.7080690Z remote: Compressing objects:  51% (234/458)        
2022-05-28T07:27:24.7118220Z remote: Compressing objects:  52% (239/458)        
2022-05-28T07:27:24.7118712Z remote: Compressing objects:  53% (243/458)        
2022-05-28T07:27:24.7118979Z remote: Compressing objects:  54% (248/458)        
2022-05-28T07:27:24.7123905Z remote: Compressing objects:  55% (252/458)        
2022-05-28T07:27:24.7124171Z remote: Compressing objects:  56% (257/458)        
2022-05-28T07:27:24.7124429Z remote: Compressing objects:  57% (262/458)        
2022-05-28T07:27:24.7124687Z remote: Compressing objects:  58% (266/458)        
2022-05-28T07:27:24.7124931Z remote: Compressing objects:  59% (271/458)        
2022-05-28T07:27:24.7231309Z remote: Compressing objects:  60% (275/458)        
2022-05-28T07:27:24.7231997Z remote: Compressing objects:  61% (280/458)        
2022-05-28T07:27:24.7232298Z remote: Compressing objects:  62% (284/458)        
2022-05-28T07:27:24.7232563Z remote: Compressing objects:  63% (289/458)        
2022-05-28T07:27:24.7232836Z remote: Compressing objects:  64% (294/458)        
2022-05-28T07:27:24.7233086Z remote: Compressing objects:  65% (298/458)        
2022-05-28T07:27:24.7233343Z remote: Compressing objects:  66% (303/458)        
2022-05-28T07:27:24.7233599Z remote: Compressing objects:  67% (307/458)        
2022-05-28T07:27:24.7233837Z remote: Compressing objects:  68% (312/458)        
2022-05-28T07:27:24.7234089Z remote: Compressing objects:  69% (317/458)        
2022-05-28T07:27:24.7234336Z remote: Compressing objects:  70% (321/458)        
2022-05-28T07:27:24.7234586Z remote: Compressing objects:  71% (326/458)        
2022-05-28T07:27:24.7234823Z remote: Compressing objects:  72% (330/458)        
2022-05-28T07:27:24.7235069Z remote: Compressing objects:  73% (335/458)        
2022-05-28T07:27:24.7235316Z remote: Compressing objects:  74% (339/458)        
2022-05-28T07:27:24.7235552Z remote: Compressing objects:  75% (344/458)        
2022-05-28T07:27:24.7235799Z remote: Compressing objects:  76% (349/458)        
2022-05-28T07:27:24.7236046Z remote: Compressing objects:  77% (353/458)        
2022-05-28T07:27:24.7236281Z remote: Compressing objects:  78% (358/458)        
2022-05-28T07:27:24.7358271Z remote: Compressing objects:  79% (362/458)        
2022-05-28T07:27:24.7358802Z remote: Compressing objects:  80% (367/458)        
2022-05-28T07:27:24.7362908Z remote: Compressing objects:  81% (371/458)        
2022-05-28T07:27:24.7369761Z remote: Compressing objects:  82% (376/458)        
2022-05-28T07:27:24.7370169Z remote: Compressing objects:  83% (381/458)        
2022-05-28T07:27:24.7370723Z remote: Compressing objects:  84% (385/458)        
2022-05-28T07:27:24.7371037Z remote: Compressing objects:  85% (390/458)        
2022-05-28T07:27:24.7371427Z remote: Compressing objects:  86% (394/458)        
2022-05-28T07:27:24.7371940Z remote: Compressing objects:  87% (399/458)        
2022-05-28T07:27:24.7372201Z remote: Compressing objects:  88% (404/458)        
2022-05-28T07:27:24.7372474Z remote: Compressing objects:  89% (408/458)        
2022-05-28T07:27:24.7374625Z remote: Compressing objects:  90% (413/458)        
2022-05-28T07:27:24.7375094Z remote: Compressing objects:  91% (417/458)        
2022-05-28T07:27:24.7375469Z remote: Compressing objects:  92% (422/458)        
2022-05-28T07:27:24.7375842Z remote: Compressing objects:  93% (426/458)        
2022-05-28T07:27:24.7376345Z remote: Compressing objects:  94% (431/458)        
2022-05-28T07:27:24.7376629Z remote: Compressing objects:  95% (436/458)        
2022-05-28T07:27:24.7376881Z remote: Compressing objects:  96% (440/458)        
2022-05-28T07:27:24.7377134Z remote: Compressing objects:  97% (445/458)        
2022-05-28T07:27:24.7377390Z remote: Compressing objects:  98% (449/458)        
2022-05-28T07:27:24.7377648Z remote: Compressing objects:  99% (454/458)        
2022-05-28T07:27:24.7377915Z remote: Compressing objects: 100% (458/458)        
2022-05-28T07:27:24.7378357Z remote: Compressing objects: 100% (458/458), done.        
2022-05-28T07:27:24.7448548Z Receiving objects:   0% (1/591)
2022-05-28T07:27:24.7451936Z Receiving objects:   1% (6/591)
2022-05-28T07:27:24.7941010Z Receiving objects:   2% (12/591)
2022-05-28T07:27:24.7950515Z Receiving objects:   3% (18/591)
2022-05-28T07:27:24.7951971Z Receiving objects:   4% (24/591)
2022-05-28T07:27:24.7989819Z Receiving objects:   5% (30/591)
2022-05-28T07:27:24.7990274Z Receiving objects:   6% (36/591)
2022-05-28T07:27:24.8391098Z Receiving objects:   7% (42/591)
2022-05-28T07:27:24.8395107Z Receiving objects:   8% (48/591)
2022-05-28T07:27:24.8516673Z Receiving objects:   9% (54/591)
2022-05-28T07:27:24.8521652Z Receiving objects:  10% (60/591)
2022-05-28T07:27:24.8524529Z Receiving objects:  11% (66/591)
2022-05-28T07:27:24.8528064Z Receiving objects:  12% (71/591)
2022-05-28T07:27:24.8563619Z Receiving objects:  13% (77/591)
2022-05-28T07:27:24.8575012Z Receiving objects:  14% (83/591)
2022-05-28T07:27:24.8588308Z Receiving objects:  15% (89/591)
2022-05-28T07:27:24.8624375Z Receiving objects:  16% (95/591)
2022-05-28T07:27:24.8825057Z Receiving objects:  17% (101/591)
2022-05-28T07:27:24.8975610Z Receiving objects:  18% (107/591)
2022-05-28T07:27:24.9120139Z Receiving objects:  19% (113/591)
2022-05-28T07:27:24.9163876Z Receiving objects:  20% (119/591)
2022-05-28T07:27:24.9164210Z Receiving objects:  21% (125/591)
2022-05-28T07:27:24.9175255Z Receiving objects:  22% (131/591)
2022-05-28T07:27:24.9181626Z Receiving objects:  23% (136/591)
2022-05-28T07:27:24.9363204Z Receiving objects:  24% (142/591)
2022-05-28T07:27:24.9554846Z Receiving objects:  25% (148/591)
2022-05-28T07:27:24.9556096Z Receiving objects:  26% (154/591)
2022-05-28T07:27:24.9772288Z Receiving objects:  27% (160/591)
2022-05-28T07:27:24.9794054Z Receiving objects:  28% (166/591)
2022-05-28T07:27:24.9943947Z Receiving objects:  29% (172/591)
2022-05-28T07:27:25.0295812Z Receiving objects:  30% (178/591)
2022-05-28T07:27:25.0336878Z Receiving objects:  31% (184/591)
2022-05-28T07:27:25.0361566Z Receiving objects:  32% (190/591)
2022-05-28T07:27:25.0363866Z Receiving objects:  33% (196/591)
2022-05-28T07:27:25.1127266Z Receiving objects:  34% (201/591)
2022-05-28T07:27:25.1127740Z Receiving objects:  35% (207/591)
2022-05-28T07:27:25.1134800Z Receiving objects:  36% (213/591)
2022-05-28T07:27:25.1143863Z Receiving objects:  37% (219/591)
2022-05-28T07:27:25.1151507Z Receiving objects:  38% (225/591)
2022-05-28T07:27:25.1151912Z Receiving objects:  39% (231/591)
2022-05-28T07:27:25.1152354Z Receiving objects:  40% (237/591)
2022-05-28T07:27:25.1156933Z Receiving objects:  41% (243/591)
2022-05-28T07:27:25.1157292Z Receiving objects:  42% (249/591)
2022-05-28T07:27:25.1157617Z Receiving objects:  43% (255/591)
2022-05-28T07:27:25.1157948Z Receiving objects:  44% (261/591)
2022-05-28T07:27:25.1158261Z Receiving objects:  45% (266/591)
2022-05-28T07:27:25.1158716Z Receiving objects:  46% (272/591)
2022-05-28T07:27:25.1158996Z Receiving objects:  47% (278/591)
2022-05-28T07:27:25.1159300Z Receiving objects:  48% (284/591)
2022-05-28T07:27:25.1159599Z Receiving objects:  49% (290/591)
2022-05-28T07:27:25.1189458Z Receiving objects:  50% (296/591)
2022-05-28T07:27:25.1191449Z Receiving objects:  51% (302/591)
2022-05-28T07:27:25.1196014Z Receiving objects:  52% (308/591)
2022-05-28T07:27:25.1197763Z Receiving objects:  53% (314/591)
2022-05-28T07:27:25.1203013Z Receiving objects:  54% (320/591)
2022-05-28T07:27:25.1239274Z Receiving objects:  55% (326/591)
2022-05-28T07:27:25.1245221Z Receiving objects:  56% (331/591)
2022-05-28T07:27:25.1246822Z Receiving objects:  57% (337/591)
2022-05-28T07:27:25.1563979Z Receiving objects:  58% (343/591)
2022-05-28T07:27:25.1747136Z Receiving objects:  59% (349/591)
2022-05-28T07:27:25.2098282Z Receiving objects:  60% (355/591)
2022-05-28T07:27:25.2112812Z Receiving objects:  61% (361/591)
2022-05-28T07:27:25.2200455Z Receiving objects:  62% (367/591)
2022-05-28T07:27:25.2394460Z Receiving objects:  63% (373/591)
2022-05-28T07:27:25.2488329Z Receiving objects:  64% (379/591)
2022-05-28T07:27:25.2522165Z Receiving objects:  65% (385/591), 9.62 MiB | 19.24 MiB/s
2022-05-28T07:27:25.2536794Z Receiving objects:  66% (391/591), 9.62 MiB | 19.24 MiB/s
2022-05-28T07:27:25.2563464Z Receiving objects:  67% (396/591), 9.62 MiB | 19.24 MiB/s
2022-05-28T07:27:25.2580275Z Receiving objects:  68% (402/591), 9.62 MiB | 19.24 MiB/s
2022-05-28T07:27:25.2587615Z Receiving objects:  69% (408/591), 9.62 MiB | 19.24 MiB/s
2022-05-28T07:27:25.2606209Z Receiving objects:  70% (414/591), 9.62 MiB | 19.24 MiB/s
2022-05-28T07:27:25.2621442Z Receiving objects:  71% (420/591), 9.62 MiB | 19.24 MiB/s
2022-05-28T07:27:25.2623694Z Receiving objects:  72% (426/591), 9.62 MiB | 19.24 MiB/s
2022-05-28T07:27:25.2653268Z Receiving objects:  73% (432/591), 9.62 MiB | 19.24 MiB/s
2022-05-28T07:27:25.2787102Z Receiving objects:  74% (438/591), 9.62 MiB | 19.24 MiB/s
2022-05-28T07:27:25.2798314Z Receiving objects:  75% (444/591), 9.62 MiB | 19.24 MiB/s
2022-05-28T07:27:25.2798809Z Receiving objects:  76% (450/591), 9.62 MiB | 19.24 MiB/s
2022-05-28T07:27:25.2822748Z Receiving objects:  77% (456/591), 9.62 MiB | 19.24 MiB/s
2022-05-28T07:27:25.2827379Z Receiving objects:  78% (461/591), 9.62 MiB | 19.24 MiB/s
2022-05-28T07:27:25.2831743Z Receiving objects:  79% (467/591), 9.62 MiB | 19.24 MiB/s
2022-05-28T07:27:25.2833780Z Receiving objects:  80% (473/591), 9.62 MiB | 19.24 MiB/s
2022-05-28T07:27:25.3120098Z Receiving objects:  81% (479/591), 9.62 MiB | 19.24 MiB/s
2022-05-28T07:27:25.3501177Z Receiving objects:  82% (485/591), 9.62 MiB | 19.24 MiB/s
2022-05-28T07:27:25.3529037Z Receiving objects:  83% (491/591), 9.62 MiB | 19.24 MiB/s
2022-05-28T07:27:25.4251699Z Receiving objects:  84% (497/591), 9.62 MiB | 19.24 MiB/s
2022-05-28T07:27:25.4353448Z Receiving objects:  85% (503/591), 9.62 MiB | 19.24 MiB/s
2022-05-28T07:27:25.4362350Z Receiving objects:  86% (509/591), 9.62 MiB | 19.24 MiB/s
2022-05-28T07:27:25.4372965Z Receiving objects:  87% (515/591), 9.62 MiB | 19.24 MiB/s
2022-05-28T07:27:25.4373253Z Receiving objects:  88% (521/591), 9.62 MiB | 19.24 MiB/s
2022-05-28T07:27:25.4377300Z Receiving objects:  89% (526/591), 9.62 MiB | 19.24 MiB/s
2022-05-28T07:27:25.4378862Z Receiving objects:  90% (532/591), 9.62 MiB | 19.24 MiB/s
2022-05-28T07:27:25.4380324Z Receiving objects:  91% (538/591), 9.62 MiB | 19.24 MiB/s
2022-05-28T07:27:25.4386022Z Receiving objects:  92% (544/591), 9.62 MiB | 19.24 MiB/s
2022-05-28T07:27:25.4416138Z Receiving objects:  93% (550/591), 9.62 MiB | 19.24 MiB/s
2022-05-28T07:27:25.4416969Z remote: Total 591 (delta 106), reused 513 (delta 96), pack-reused 0        
2022-05-28T07:27:25.4424640Z Receiving objects:  94% (556/591), 9.62 MiB | 19.24 MiB/s
2022-05-28T07:27:25.4426860Z Receiving objects:  95% (562/591), 9.62 MiB | 19.24 MiB/s
2022-05-28T07:27:25.4443418Z Receiving objects:  96% (568/591), 9.62 MiB | 19.24 MiB/s
2022-05-28T07:27:25.4444133Z Receiving objects:  97% (574/591), 9.62 MiB | 19.24 MiB/s
2022-05-28T07:27:25.4444587Z Receiving objects:  98% (580/591), 9.62 MiB | 19.24 MiB/s
2022-05-28T07:27:25.4449578Z Receiving objects:  99% (586/591), 9.62 MiB | 19.24 MiB/s
2022-05-28T07:27:25.4449983Z Receiving objects: 100% (591/591), 9.62 MiB | 19.24 MiB/s
2022-05-28T07:27:25.4450454Z Receiving objects: 100% (591/591), 18.37 MiB | 26.16 MiB/s, done.
2022-05-28T07:27:25.4451053Z Resolving deltas:   0% (0/106)
2022-05-28T07:27:25.4451429Z Resolving deltas:   1% (2/106)
2022-05-28T07:27:25.4455958Z Resolving deltas:   2% (3/106)
2022-05-28T07:27:25.4456334Z Resolving deltas:   3% (4/106)
2022-05-28T07:27:25.4456703Z Resolving deltas:   4% (5/106)
2022-05-28T07:27:25.4457509Z Resolving deltas:   5% (6/106)
2022-05-28T07:27:25.4457768Z Resolving deltas:   6% (7/106)
2022-05-28T07:27:25.4457988Z Resolving deltas:   7% (8/106)
2022-05-28T07:27:25.4458208Z Resolving deltas:   8% (9/106)
2022-05-28T07:27:25.4458420Z Resolving deltas:   9% (10/106)
2022-05-28T07:27:25.4458653Z Resolving deltas:  10% (11/106)
2022-05-28T07:27:25.4458870Z Resolving deltas:  11% (12/106)
2022-05-28T07:27:25.4461348Z Resolving deltas:  12% (13/106)
2022-05-28T07:27:25.4464007Z Resolving deltas:  13% (14/106)
2022-05-28T07:27:25.4468312Z Resolving deltas:  14% (15/106)
2022-05-28T07:27:25.4470098Z Resolving deltas:  15% (16/106)
2022-05-28T07:27:25.4489127Z Resolving deltas:  16% (17/106)
2022-05-28T07:27:25.4495444Z Resolving deltas:  17% (19/106)
2022-05-28T07:27:25.4497835Z Resolving deltas:  18% (20/106)
2022-05-28T07:27:25.4499102Z Resolving deltas:  19% (21/106)
2022-05-28T07:27:25.4499398Z Resolving deltas:  20% (22/106)
2022-05-28T07:27:25.4500169Z Resolving deltas:  21% (23/106)
2022-05-28T07:27:25.4500464Z Resolving deltas:  22% (24/106)
2022-05-28T07:27:25.4501231Z Resolving deltas:  23% (25/106)
2022-05-28T07:27:25.4501522Z Resolving deltas:  24% (26/106)
2022-05-28T07:27:25.4505299Z Resolving deltas:  25% (27/106)
2022-05-28T07:27:25.4506322Z Resolving deltas:  26% (28/106)
2022-05-28T07:27:25.4508124Z Resolving deltas:  27% (29/106)
2022-05-28T07:27:25.4509423Z Resolving deltas:  28% (30/106)
2022-05-28T07:27:25.4511165Z Resolving deltas:  29% (31/106)
2022-05-28T07:27:25.4513801Z Resolving deltas:  30% (32/106)
2022-05-28T07:27:25.4514101Z Resolving deltas:  31% (33/106)
2022-05-28T07:27:25.4514379Z Resolving deltas:  32% (34/106)
2022-05-28T07:27:25.4514681Z Resolving deltas:  33% (35/106)
2022-05-28T07:27:25.4514950Z Resolving deltas:  34% (37/106)
2022-05-28T07:27:25.4515226Z Resolving deltas:  35% (38/106)
2022-05-28T07:27:25.4515502Z Resolving deltas:  36% (39/106)
2022-05-28T07:27:25.4515771Z Resolving deltas:  37% (40/106)
2022-05-28T07:27:25.4516052Z Resolving deltas:  38% (41/106)
2022-05-28T07:27:25.4517175Z Resolving deltas:  39% (42/106)
2022-05-28T07:27:25.4517485Z Resolving deltas:  40% (43/106)
2022-05-28T07:27:25.4517756Z Resolving deltas:  41% (44/106)
2022-05-28T07:27:25.4518036Z Resolving deltas:  42% (45/106)
2022-05-28T07:27:25.4522578Z Resolving deltas:  43% (46/106)
2022-05-28T07:27:25.4522868Z Resolving deltas:  44% (47/106)
2022-05-28T07:27:25.4523133Z Resolving deltas:  45% (48/106)
2022-05-28T07:27:25.4523415Z Resolving deltas:  46% (49/106)
2022-05-28T07:27:25.4523695Z Resolving deltas:  47% (50/106)
2022-05-28T07:27:25.4523964Z Resolving deltas:  48% (51/106)
2022-05-28T07:27:25.4524234Z Resolving deltas:  49% (52/106)
2022-05-28T07:27:25.4524527Z Resolving deltas:  50% (53/106)
2022-05-28T07:27:25.4524801Z Resolving deltas:  51% (55/106)
2022-05-28T07:27:25.4525077Z Resolving deltas:  52% (56/106)
2022-05-28T07:27:25.4525349Z Resolving deltas:  53% (57/106)
2022-05-28T07:27:25.4525622Z Resolving deltas:  54% (58/106)
2022-05-28T07:27:25.4525891Z Resolving deltas:  55% (59/106)
2022-05-28T07:27:25.4526168Z Resolving deltas:  56% (60/106)
2022-05-28T07:27:25.4526450Z Resolving deltas:  57% (61/106)
2022-05-28T07:27:25.4526731Z Resolving deltas:  58% (62/106)
2022-05-28T07:27:25.4526998Z Resolving deltas:  59% (63/106)
2022-05-28T07:27:25.4529046Z Resolving deltas:  60% (64/106)
2022-05-28T07:27:25.4529340Z Resolving deltas:  61% (65/106)
2022-05-28T07:27:25.4529612Z Resolving deltas:  62% (66/106)
2022-05-28T07:27:25.4529896Z Resolving deltas:  63% (67/106)
2022-05-28T07:27:25.4530170Z Resolving deltas:  64% (68/106)
2022-05-28T07:27:25.4530449Z Resolving deltas:  65% (69/106)
2022-05-28T07:27:25.4530739Z Resolving deltas:  66% (70/106)
2022-05-28T07:27:25.4531689Z Resolving deltas:  67% (72/106)
2022-05-28T07:27:25.4531993Z Resolving deltas:  68% (73/106)
2022-05-28T07:27:25.4532273Z Resolving deltas:  69% (74/106)
2022-05-28T07:27:25.4532550Z Resolving deltas:  70% (75/106)
2022-05-28T07:27:25.4532828Z Resolving deltas:  71% (76/106)
2022-05-28T07:27:25.4533108Z Resolving deltas:  72% (77/106)
2022-05-28T07:27:25.4533382Z Resolving deltas:  73% (78/106)
2022-05-28T07:27:25.4533665Z Resolving deltas:  74% (79/106)
2022-05-28T07:27:25.4534051Z Resolving deltas:  75% (80/106)
2022-05-28T07:27:25.4534328Z Resolving deltas:  76% (81/106)
2022-05-28T07:27:25.4534602Z Resolving deltas:  77% (82/106)
2022-05-28T07:27:25.4534872Z Resolving deltas:  78% (83/106)
2022-05-28T07:27:25.4535146Z Resolving deltas:  79% (84/106)
2022-05-28T07:27:25.4535530Z Resolving deltas:  80% (85/106)
2022-05-28T07:27:25.4535813Z Resolving deltas:  81% (86/106)
2022-05-28T07:27:25.4536088Z Resolving deltas:  82% (87/106)
2022-05-28T07:27:25.4536369Z Resolving deltas:  83% (88/106)
2022-05-28T07:27:25.4536641Z Resolving deltas:  84% (90/106)
2022-05-28T07:27:25.4536949Z Resolving deltas:  85% (91/106)
2022-05-28T07:27:25.4540054Z Resolving deltas:  86% (92/106)
2022-05-28T07:27:25.4541388Z Resolving deltas:  87% (93/106)
2022-05-28T07:27:25.4542523Z Resolving deltas:  88% (94/106)
2022-05-28T07:27:25.4544842Z Resolving deltas:  89% (95/106)
2022-05-28T07:27:25.4552274Z Resolving deltas:  90% (96/106)
2022-05-28T07:27:25.4554421Z Resolving deltas:  91% (97/106)
2022-05-28T07:27:25.4557203Z Resolving deltas:  92% (98/106)
2022-05-28T07:27:25.4557511Z Resolving deltas:  93% (99/106)
2022-05-28T07:27:25.4557828Z Resolving deltas:  94% (100/106)
2022-05-28T07:27:25.4558601Z Resolving deltas:  95% (101/106)
2022-05-28T07:27:25.4558908Z Resolving deltas:  96% (102/106)
2022-05-28T07:27:25.4559468Z Resolving deltas:  97% (103/106)
2022-05-28T07:27:25.4560385Z Resolving deltas:  98% (104/106)
2022-05-28T07:27:25.4561635Z Resolving deltas:  99% (105/106)
2022-05-28T07:27:25.4561854Z Resolving deltas: 100% (106/106)
2022-05-28T07:27:25.4562070Z Resolving deltas: 100% (106/106), done.
2022-05-28T07:27:25.4854973Z From https://github.com/wahyu9kdl/wahyu9kdl.github.io
2022-05-28T07:27:25.4855772Z  * [new branch]      main       -> origin/main
2022-05-28T07:27:25.4891243Z ##[endgroup]
2022-05-28T07:27:25.4891875Z ##[group]Determining the checkout info
2022-05-28T07:27:25.4892838Z [command]/usr/bin/git branch --list --remote origin/main
2022-05-28T07:27:25.4912386Z   origin/main
2022-05-28T07:27:25.4917489Z ##[endgroup]
2022-05-28T07:27:25.4917989Z ##[group]Checking out the ref
2022-05-28T07:27:25.4923866Z [command]/usr/bin/git checkout --progress --force -B main refs/remotes/origin/main
2022-05-28T07:27:25.6398758Z Switched to a new branch 'main'
2022-05-28T07:27:25.6401385Z branch 'main' set up to track 'origin/main'.
2022-05-28T07:27:25.6407812Z ##[endgroup]
2022-05-28T07:27:25.6408407Z ##[group]Setting up auth for fetching submodules
2022-05-28T07:27:25.6416648Z [command]/usr/bin/git config --global http.https://github.com/.extraheader AUTHORIZATION: basic ***
2022-05-28T07:27:25.6456243Z [command]/usr/bin/git config --global --unset-all url.https://github.com/.insteadOf
2022-05-28T07:27:25.6485997Z [command]/usr/bin/git config --global --add url.https://github.com/.insteadOf git@github.com:
2022-05-28T07:27:25.6513345Z ##[endgroup]
2022-05-28T07:27:25.6513888Z ##[group]Fetching submodules
2022-05-28T07:27:25.6518042Z [command]/usr/bin/git submodule sync --recursive
2022-05-28T07:27:25.6736442Z [command]/usr/bin/git -c protocol.version=2 submodule update --init --force --depth=1 --recursive
2022-05-28T07:27:25.6953785Z [command]/usr/bin/git submodule foreach --recursive git config --local gc.auto 0
2022-05-28T07:27:25.7160377Z ##[endgroup]
2022-05-28T07:27:25.7160992Z ##[group]Persisting credentials for submodules
2022-05-28T07:27:25.7166648Z [command]/usr/bin/git submodule foreach --recursive git config --local --name-only --get-regexp 'url\.https\:\/\/github\.com\/\.insteadOf' && git config --local --unset-all 'url.https://github.com/.insteadOf' || :
2022-05-28T07:27:25.7379428Z [command]/usr/bin/git submodule foreach --recursive git config --local 'http.https://github.com/.extraheader' 'AUTHORIZATION: basic ***' && git config --local --show-origin --name-only --get-regexp remote.origin.url
2022-05-28T07:27:25.7590095Z [command]/usr/bin/git submodule foreach --recursive git config --local --add 'url.https://github.com/.insteadOf' 'git@github.com:'
2022-05-28T07:27:25.7799007Z ##[endgroup]
2022-05-28T07:27:25.7838981Z [command]/usr/bin/git log -1 --format='%H'
2022-05-28T07:27:25.7868396Z '5539ec663b37a315360ff3f30dcff7c16c56a8d2'
2022-05-28T07:27:25.8135209Z ##[group]Run actions/jekyll-build-pages@v1
2022-05-28T07:27:25.8135462Z with:
2022-05-28T07:27:25.8135633Z   source: .
2022-05-28T07:27:25.8135828Z   destination: ./_site
2022-05-28T07:27:25.8136026Z   future: false
2022-05-28T07:27:25.8136272Z   build_revision: 5539ec663b37a315360ff3f30dcff7c16c56a8d2
2022-05-28T07:27:25.8136517Z   verbose: true
2022-05-28T07:27:25.8136891Z   token: ***
2022-05-28T07:27:25.8137079Z ##[endgroup]
2022-05-28T07:27:25.8335601Z ##[command]/usr/bin/docker run --name ghcrioactionsjekyllbuildpagesv103_b1315e --label 08450d --workdir /github/workspace --rm -e INPUT_SOURCE -e INPUT_DESTINATION -e INPUT_FUTURE -e INPUT_BUILD_REVISION -e INPUT_VERBOSE -e INPUT_TOKEN -e HOME -e GITHUB_JOB -e GITHUB_REF -e GITHUB_SHA -e GITHUB_REPOSITORY -e GITHUB_REPOSITORY_OWNER -e GITHUB_RUN_ID -e GITHUB_RUN_NUMBER -e GITHUB_RETENTION_DAYS -e GITHUB_RUN_ATTEMPT -e GITHUB_ACTOR -e GITHUB_WORKFLOW -e GITHUB_HEAD_REF -e GITHUB_BASE_REF -e GITHUB_EVENT_NAME -e GITHUB_SERVER_URL -e GITHUB_API_URL -e GITHUB_GRAPHQL_URL -e GITHUB_REF_NAME -e GITHUB_REF_PROTECTED -e GITHUB_REF_TYPE -e GITHUB_WORKSPACE -e GITHUB_ACTION -e GITHUB_EVENT_PATH -e GITHUB_ACTION_REPOSITORY -e GITHUB_ACTION_REF -e GITHUB_PATH -e GITHUB_ENV -e GITHUB_STEP_SUMMARY -e RUNNER_OS -e RUNNER_ARCH -e RUNNER_NAME -e RUNNER_TOOL_CACHE -e RUNNER_TEMP -e RUNNER_WORKSPACE -e ACTIONS_RUNTIME_URL -e ACTIONS_RUNTIME_TOKEN -e ACTIONS_CACHE_URL -e ACTIONS_ID_TOKEN_REQUEST_URL -e ACTIONS_ID_TOKEN_REQUEST_TOKEN -e GITHUB_ACTIONS=true -e CI=true -v "/var/run/docker.sock":"/var/run/docker.sock" -v "/home/runner/work/_temp/_github_home":"/github/home" -v "/home/runner/work/_temp/_github_workflow":"/github/workflow" -v "/home/runner/work/_temp/_runner_file_commands":"/github/file_commands" -v "/home/runner/work/wahyu9kdl.github.io/wahyu9kdl.github.io":"/github/workspace" ghcr.io/actions/jekyll-build-pages:v1.0.3
2022-05-28T07:27:26.9532323Z [33mConfiguration file: none[0m
2022-05-28T07:27:26.9781172Z   Logging at level: debug
2022-05-28T07:27:26.9781779Z       GitHub Pages: github-pages v226
2022-05-28T07:27:26.9782281Z       GitHub Pages: jekyll v3.9.2
2022-05-28T07:27:26.9783394Z              Theme: jekyll-theme-primer
2022-05-28T07:27:26.9783946Z       Theme source: /usr/local/bundle/gems/jekyll-theme-primer-0.6.0
2022-05-28T07:27:26.9784464Z          Requiring: jekyll-github-metadata
2022-05-28T07:27:29.6084820Z          Requiring: jekyll-seo-tag
2022-05-28T07:27:29.6085213Z          Requiring: jekyll-coffeescript
2022-05-28T07:27:29.6085682Z          Requiring: jekyll-commonmark-ghpages
2022-05-28T07:27:29.6086002Z          Requiring: jekyll-gist
2022-05-28T07:27:29.6086439Z          Requiring: jekyll-github-metadata
2022-05-28T07:27:29.6086762Z          Requiring: jekyll-paginate
2022-05-28T07:27:29.6087182Z          Requiring: jekyll-relative-links
2022-05-28T07:27:29.6087541Z          Requiring: jekyll-optional-front-matter
2022-05-28T07:27:29.6087996Z          Requiring: jekyll-readme-index
2022-05-28T07:27:29.6088615Z          Requiring: jekyll-default-layout
2022-05-28T07:27:29.6088978Z          Requiring: jekyll-titles-from-headings
2022-05-28T07:27:29.6089250Z    GitHub Metadata: Initializing...
2022-05-28T07:27:29.6089616Z             Source: /github/workspace/.
2022-05-28T07:27:29.6089897Z        Destination: /github/workspace/./_site
2022-05-28T07:27:29.6090386Z  Incremental build: disabled. Enable with --incremental
2022-05-28T07:27:29.6090640Z       Generating... 
2022-05-28T07:27:29.6090976Z        EntryFilter: excluded /CNAME
2022-05-28T07:27:29.6107288Z         Generating: JekyllOptionalFrontMatter::Generator finished in 0.001655002 seconds.
2022-05-28T07:27:29.6107855Z         Generating: JekyllReadmeIndex::Generator finished in 0.005846308 seconds.
2022-05-28T07:27:29.6108509Z         Generating: Jekyll::Paginate::Pagination finished in 5.4e-06 seconds.
2022-05-28T07:27:29.6108871Z    GitHub Metadata: Generating for wahyu9kdl/wahyu9kdl.github.io
2022-05-28T07:27:29.6109573Z    GitHub Metadata: Calling @client.pages("wahyu9kdl/wahyu9kdl.github.io", {})
2022-05-28T07:27:29.6110086Z         Generating: JekyllRelativeLinks::Generator finished in 0.317624649 seconds.
2022-05-28T07:27:29.6110468Z         Generating: JekyllDefaultLayout::Generator finished in 0.0003261 seconds.
2022-05-28T07:27:29.6110976Z          Requiring: kramdown-parser-gfm
2022-05-28T07:27:29.6111324Z         Generating: JekyllTitlesFromHeadings::Generator finished in 0.011469116 seconds.
2022-05-28T07:27:29.6111754Z          Rendering: sitemap1.xml
2022-05-28T07:27:29.6112065Z   Pre-Render Hooks: sitemap1.xml
2022-05-28T07:27:29.6112423Z   Rendering Liquid: sitemap1.xml
2022-05-28T07:27:29.6112657Z   Rendering Markup: sitemap1.xml
2022-05-28T07:27:29.6112884Z   Rendering Layout: sitemap1.xml
2022-05-28T07:27:29.6113351Z          Rendering: assets/css/style.scss
2022-05-28T07:27:29.6113668Z   Pre-Render Hooks: assets/css/style.scss
2022-05-28T07:27:29.6114031Z   Rendering Markup: assets/css/style.scss
2022-05-28T07:27:29.6114308Z          Rendering: DASHBOARD/BLOOG/index.md
2022-05-28T07:27:29.6114731Z   Pre-Render Hooks: DASHBOARD/BLOOG/index.md
2022-05-28T07:27:29.6115015Z   Rendering Markup: DASHBOARD/BLOOG/index.md
2022-05-28T07:27:29.6115285Z   Rendering Layout: DASHBOARD/BLOOG/index.md
2022-05-28T07:27:29.6115632Z      Layout source: theme
2022-05-28T07:27:29.6116154Z    GitHub Metadata: Calling @client.repository("wahyu9kdl/wahyu9kdl.github.io", {:accept=>"application/vnd.github.drax-preview+json"})
2022-05-28T07:27:29.6116764Z          Rendering: DASHBOARD/PROJECTS/ANIMATION/opencollective.md
2022-05-28T07:27:29.6117340Z   Pre-Render Hooks: DASHBOARD/PROJECTS/ANIMATION/opencollective.md
2022-05-28T07:27:29.6117682Z   Rendering Markup: DASHBOARD/PROJECTS/ANIMATION/opencollective.md
2022-05-28T07:27:29.6118147Z   Rendering Layout: DASHBOARD/PROJECTS/ANIMATION/opencollective.md
2022-05-28T07:27:29.6118419Z      Layout source: theme
2022-05-28T07:27:29.6118769Z          Rendering: HTML/TOOLS/Markdown/index.md
2022-05-28T07:27:29.6119122Z   Pre-Render Hooks: HTML/TOOLS/Markdown/index.md
2022-05-28T07:27:29.6119505Z   Rendering Markup: HTML/TOOLS/Markdown/index.md
2022-05-28T07:27:29.6119771Z   Rendering Layout: HTML/TOOLS/Markdown/index.md
2022-05-28T07:27:29.6120002Z      Layout source: theme
2022-05-28T07:27:29.6120341Z          Rendering: SECURITY.md
2022-05-28T07:27:29.6120628Z   Pre-Render Hooks: SECURITY.md
2022-05-28T07:27:29.6120964Z   Rendering Markup: SECURITY.md
2022-05-28T07:27:29.6121191Z   Rendering Layout: SECURITY.md
2022-05-28T07:27:29.6121404Z      Layout source: theme
2022-05-28T07:27:29.6121615Z          Rendering: react/SECURITY.md
2022-05-28T07:27:29.6122040Z   Pre-Render Hooks: react/SECURITY.md
2022-05-28T07:27:29.6122286Z   Rendering Markup: react/SECURITY.md
2022-05-28T07:27:29.6122512Z   Rendering Layout: react/SECURITY.md
2022-05-28T07:27:29.6122742Z      Layout source: theme
2022-05-28T07:27:29.6122960Z          Rendering: react/notes.md
2022-05-28T07:27:29.6123366Z   Pre-Render Hooks: react/notes.md
2022-05-28T07:27:29.6123735Z   Rendering Markup: react/notes.md
2022-05-28T07:27:29.6123975Z   Rendering Layout: react/notes.md
2022-05-28T07:27:29.6124180Z      Layout source: theme
2022-05-28T07:27:29.6124525Z          Rendering: DASHBOARD/BLOOG/popular-site/README.md
2022-05-28T07:27:29.6124920Z   Pre-Render Hooks: DASHBOARD/BLOOG/popular-site/README.md
2022-05-28T07:27:29.6125291Z   Rendering Markup: DASHBOARD/BLOOG/popular-site/README.md
2022-05-28T07:27:29.6125884Z   Rendering Layout: DASHBOARD/BLOOG/popular-site/README.md
2022-05-28T07:27:29.6126135Z      Layout source: theme
2022-05-28T07:27:29.6126530Z          Rendering: DASHBOARD/BLOOG/ssl-cert-info/README.md
2022-05-28T07:27:29.6126904Z   Pre-Render Hooks: DASHBOARD/BLOOG/ssl-cert-info/README.md
2022-05-28T07:27:29.6127287Z   Rendering Markup: DASHBOARD/BLOOG/ssl-cert-info/README.md
2022-05-28T07:27:29.6127657Z   Rendering Layout: DASHBOARD/BLOOG/ssl-cert-info/README.md
2022-05-28T07:27:29.6127898Z      Layout source: theme
2022-05-28T07:27:29.6128303Z          Rendering: DASHBOARD/BLOOG/whois-servers/README.md
2022-05-28T07:27:29.6128667Z   Pre-Render Hooks: DASHBOARD/BLOOG/whois-servers/README.md
2022-05-28T07:27:29.6129744Z   Rendering Markup: DASHBOARD/BLOOG/whois-servers/README.md
2022-05-28T07:27:29.6130182Z   Rendering Layout: DASHBOARD/BLOOG/whois-servers/README.md
2022-05-28T07:27:29.6130434Z      Layout source: theme
2022-05-28T07:27:29.6130810Z          Rendering: DASHBOARD/TOOLS/AUTO VISITOR/web-traffic-generator/README.md
2022-05-28T07:27:29.6133365Z   Pre-Render Hooks: DASHBOARD/TOOLS/AUTO VISITOR/web-traffic-generator/README.md
2022-05-28T07:27:29.6133828Z   Rendering Markup: DASHBOARD/TOOLS/AUTO VISITOR/web-traffic-generator/README.md
2022-05-28T07:27:29.6134285Z   Rendering Layout: DASHBOARD/TOOLS/AUTO VISITOR/web-traffic-generator/README.md
2022-05-28T07:27:29.6134562Z      Layout source: theme
2022-05-28T07:27:29.6134784Z          Rendering: react/README.md
2022-05-28T07:27:29.6135077Z   Pre-Render Hooks: react/README.md
2022-05-28T07:27:29.6135321Z   Rendering Markup: react/README.md
2022-05-28T07:27:29.6135559Z   Rendering Layout: react/README.md
2022-05-28T07:27:29.6135784Z      Layout source: theme
2022-05-28T07:27:29.6135991Z          Rendering: vue/README.md
2022-05-28T07:27:29.6136423Z   Pre-Render Hooks: vue/README.md
2022-05-28T07:27:29.6136667Z   Rendering Markup: vue/README.md
2022-05-28T07:27:29.6136888Z   Rendering Layout: vue/README.md
2022-05-28T07:27:29.6137103Z      Layout source: theme
2022-05-28T07:27:29.6137364Z            Writing: /github/workspace/_site/sitemap1.xml
2022-05-28T07:27:29.6137664Z            Writing: /github/workspace/_site/assets/css/style.css
2022-05-28T07:27:29.6137984Z            Writing: /github/workspace/_site/DASHBOARD/BLOOG/index.html
2022-05-28T07:27:29.6138348Z            Writing: /github/workspace/_site/DASHBOARD/PROJECTS/ANIMATION/opencollective.html
2022-05-28T07:27:29.6138711Z            Writing: /github/workspace/_site/HTML/TOOLS/Markdown/index.html
2022-05-28T07:27:29.6139025Z            Writing: /github/workspace/_site/SECURITY.html
2022-05-28T07:27:29.6139330Z            Writing: /github/workspace/_site/react/SECURITY.html
2022-05-28T07:27:29.6139636Z            Writing: /github/workspace/_site/react/notes.html
2022-05-28T07:27:29.6140060Z            Writing: /github/workspace/_site/DASHBOARD/BLOOG/popular-site/index.html
2022-05-28T07:27:29.6140512Z            Writing: /github/workspace/_site/DASHBOARD/BLOOG/ssl-cert-info/index.html
2022-05-28T07:27:29.6140957Z            Writing: /github/workspace/_site/DASHBOARD/BLOOG/whois-servers/index.html
2022-05-28T07:27:29.6141446Z            Writing: /github/workspace/_site/DASHBOARD/TOOLS/AUTO VISITOR/web-traffic-generator/index.html
2022-05-28T07:27:29.6141794Z            Writing: /github/workspace/_site/react/index.html
2022-05-28T07:27:29.6142083Z            Writing: /github/workspace/_site/vue/index.html
2022-05-28T07:27:29.6142337Z                     done in 2.232 seconds.
2022-05-28T07:27:29.6142661Z  Auto-regeneration: disabled. Use --watch to enable.
2022-05-28T07:27:29.8439154Z ##[group]Run actions/upload-pages-artifact@v0
2022-05-28T07:27:29.8439410Z with:
2022-05-28T07:27:29.8439584Z   path: ./_site
2022-05-28T07:27:29.8439785Z   retention-days: 1
2022-05-28T07:27:29.8439974Z ##[endgroup]
2022-05-28T07:27:29.8739484Z ##[group]Run tar \
2022-05-28T07:27:29.8739748Z [36;1mtar \[0m
2022-05-28T07:27:29.8740005Z [36;1m  --dereference --hard-dereference \[0m
2022-05-28T07:27:29.8740266Z [36;1m  --directory ./_site \[0m
2022-05-28T07:27:29.8740546Z [36;1m  -cvf /home/runner/work/_temp/artifact.tar \[0m
2022-05-28T07:27:29.8740811Z [36;1m  --exclude=.git \[0m
2022-05-28T07:27:29.8741009Z [36;1m  .[0m
2022-05-28T07:27:29.8794749Z shell: /usr/bin/bash --noprofile --norc -e -o pipefail {0}
2022-05-28T07:27:29.8795025Z ##[endgroup]
2022-05-28T07:27:29.8957291Z ./
2022-05-28T07:27:29.8958447Z ./HTML/
2022-05-28T07:27:29.8959146Z ./HTML/Spoiler.html
2022-05-28T07:27:29.8960166Z ./HTML/Coding.html
2022-05-28T07:27:29.8960858Z ./HTML/superrap.html
2022-05-28T07:27:29.8961927Z ./HTML/Clock.html
2022-05-28T07:27:29.8962603Z ./HTML/index.html
2022-05-28T07:27:29.8963584Z ./HTML/THEME/
2022-05-28T07:27:29.8964240Z ./HTML/THEME/AOS/
2022-05-28T07:27:29.8965247Z ./HTML/THEME/AOS/index.html
2022-05-28T07:27:29.8965945Z ./HTML/THEME/AOS/dist/
2022-05-28T07:27:29.8966955Z ./HTML/THEME/AOS/dist/css/
2022-05-28T07:27:29.8967655Z ./HTML/THEME/AOS/dist/css/style.css
2022-05-28T07:27:29.8968669Z ./HTML/THEME/AOS/src/
2022-05-28T07:27:29.8969336Z ./HTML/THEME/AOS/src/js/
2022-05-28T07:27:29.8970377Z ./HTML/THEME/AOS/src/js/scroll.js
2022-05-28T07:27:29.8971064Z ./HTML/THEME/AOS/src/sass/
2022-05-28T07:27:29.8972247Z ./HTML/THEME/AOS/src/sass/styles.scss
2022-05-28T07:27:29.8972976Z ./HTML/THEME/AOS/src/sass/style.scss
2022-05-28T07:27:29.8974269Z ./HTML/THEME/AOS/src/sass/highlight-theme.scss
2022-05-28T07:27:29.8975390Z ./HTML/THEME/AOS/img/
2022-05-28T07:27:29.8976434Z ./HTML/THEME/AOS/img/bg.jpg
2022-05-28T07:27:29.8977177Z ./HTML/THEME/AOS/img/github_octocat.png
2022-05-28T07:27:29.8978214Z ./HTML/THEME/LANDING/
2022-05-28T07:27:29.8978900Z ./HTML/THEME/LANDING/index.html
2022-05-28T07:27:29.8979932Z ./HTML/THEME/LANDING/hero.png
2022-05-28T07:27:29.8980607Z ./HTML/THEME/FOOD/
2022-05-28T07:27:29.8981600Z ./HTML/THEME/FOOD/index.html
2022-05-28T07:27:29.8982271Z ./HTML/THEME/FOOD/css/
2022-05-28T07:27:29.8983283Z ./HTML/THEME/FOOD/css/style.css
2022-05-28T07:27:29.8983948Z ./HTML/THEME/FOOD/img/
2022-05-28T07:27:29.8985068Z ./HTML/THEME/FOOD/img/food-menu6.jpg
2022-05-28T07:27:29.8986260Z ./HTML/THEME/FOOD/img/food-menu1.jpg
2022-05-28T07:27:29.8987407Z ./HTML/THEME/FOOD/img/food-menu4.jpg
2022-05-28T07:27:29.8988216Z ./HTML/THEME/FOOD/img/male-photo1.jpg
2022-05-28T07:27:29.8989349Z ./HTML/THEME/FOOD/img/restraunt-image.jpg
2022-05-28T07:27:29.8990122Z ./HTML/THEME/FOOD/img/food-menu2.jpg
2022-05-28T07:27:29.8991206Z ./HTML/THEME/FOOD/img/food-menu5.jpg
2022-05-28T07:27:29.8991883Z ./HTML/THEME/FOOD/img/food3.jpg
2022-05-28T07:27:29.8992898Z ./HTML/THEME/FOOD/img/tes.html
2022-05-28T07:27:29.8993666Z ./HTML/THEME/FOOD/img/about-photo.jpg
2022-05-28T07:27:29.8994786Z ./HTML/THEME/FOOD/img/about-img.jpg
2022-05-28T07:27:29.8998039Z ./HTML/THEME/FOOD/img/building-image.jpg
2022-05-28T07:27:29.9001000Z ./HTML/THEME/FOOD/img/header-image2.jpg
2022-05-28T07:27:29.9012835Z ./HTML/THEME/FOOD/img/food-menu3.jpg
2022-05-28T07:27:29.9013910Z ./HTML/THEME/FOOD/img/food1.jpg
2022-05-28T07:27:29.9017411Z ./HTML/THEME/FOOD/img/male-photo3.jpg
2022-05-28T07:27:29.9018900Z ./HTML/THEME/FOOD/img/male-photo2.jpg
2022-05-28T07:27:29.9019639Z ./HTML/THEME/FOOD/img/food2.jpg
2022-05-28T07:27:29.9023869Z ./HTML/THEME/LANDING-PAGE/
2022-05-28T07:27:29.9024989Z ./HTML/THEME/LANDING-PAGE/index.html
2022-05-28T07:27:29.9025767Z ./HTML/THEME/LANDING-PAGE/assets/
2022-05-28T07:27:29.9026856Z ./HTML/THEME/LANDING-PAGE/assets/js/
2022-05-28T07:27:29.9027717Z ./HTML/THEME/LANDING-PAGE/assets/js/jquery.singlePageNav.min.js
2022-05-28T07:27:29.9029227Z ./HTML/THEME/LANDING-PAGE/assets/js/jquery.js
2022-05-28T07:27:29.9030410Z ./HTML/THEME/LANDING-PAGE/assets/js/bootstrap.min.js
2022-05-28T07:27:29.9031579Z ./HTML/THEME/LANDING-PAGE/assets/js/wow.min.js
2022-05-28T07:27:29.9032371Z ./HTML/THEME/LANDING-PAGE/assets/css/
2022-05-28T07:27:29.9033516Z ./HTML/THEME/LANDING-PAGE/assets/css/animate.min.css
2022-05-28T07:27:29.9034342Z ./HTML/THEME/LANDING-PAGE/assets/css/bootstrap.min.css
2022-05-28T07:27:29.9035536Z ./HTML/THEME/LANDING-PAGE/assets/css/font-awesome.min.css
2022-05-28T07:27:29.9036353Z ./HTML/THEME/LANDING-PAGE/assets/css/style.css
2022-05-28T07:27:29.9037497Z ./HTML/THEME/LANDING-PAGE/assets/img/
2022-05-28T07:27:29.9038293Z ./HTML/THEME/LANDING-PAGE/assets/img/contact-bg.jpeg
2022-05-28T07:27:29.9039780Z ./HTML/THEME/LANDING-PAGE/assets/img/desktop.jpeg
2022-05-28T07:27:29.9040669Z ./HTML/THEME/LANDING-PAGE/assets/img/home-bg.jpg
2022-05-28T07:27:29.9042630Z ./HTML/THEME/LANDING-PAGE/assets/img/thumb.jpg
2022-05-28T07:27:29.9043777Z ./HTML/THEME/LANDING-PAGE/assets/img/software.jpeg
2022-05-28T07:27:29.9045552Z ./HTML/THEME/LANDING-PAGE/assets/img/screenshot.jpg
2022-05-28T07:27:29.9048853Z ./HTML/THEME/LANDING-PAGE/assets/fonts/
2022-05-28T07:27:29.9050346Z ./HTML/THEME/LANDING-PAGE/assets/fonts/fontawesome-webfont.svg
2022-05-28T07:27:29.9052647Z ./HTML/THEME/LANDING-PAGE/assets/fonts/fontawesome-webfont.ttf
2022-05-28T07:27:29.9054262Z ./HTML/THEME/LANDING-PAGE/assets/fonts/fontawesome-webfont.eot
2022-05-28T07:27:29.9055467Z ./HTML/THEME/LANDING-PAGE/assets/fonts/fontawesome-webfont.woff2
2022-05-28T07:27:29.9056039Z ./HTML/THEME/LANDING-PAGE/assets/fonts/fontawesome-webfont.woff
2022-05-28T07:27:29.9057241Z ./HTML/THEME/LANDING-PAGE/assets/fonts/FontAwesome.otf
2022-05-28T07:27:29.9058755Z ./HTML/ViewSource.html
2022-05-28T07:27:29.9060223Z ./HTML/htmltemplategenerator-gh-pages/
2022-05-28T07:27:29.9061069Z ./HTML/htmltemplategenerator-gh-pages/LICENSE
2022-05-28T07:27:29.9061995Z ./HTML/htmltemplategenerator-gh-pages/index.html
2022-05-28T07:27:29.9062550Z ./HTML/htmltemplategenerator-gh-pages/favicon.png
2022-05-28T07:27:29.9063416Z ./HTML/htmltemplategenerator-gh-pages/js/
2022-05-28T07:27:29.9063946Z ./HTML/htmltemplategenerator-gh-pages/js/htmltempgen.min.js
2022-05-28T07:27:29.9064809Z ./HTML/htmltemplategenerator-gh-pages/js/htmltempgen.js
2022-05-28T07:27:29.9065318Z ./HTML/htmltemplategenerator-gh-pages/css/
2022-05-28T07:27:29.9066190Z ./HTML/htmltemplategenerator-gh-pages/css/htmltempgen.min.css
2022-05-28T07:27:29.9066742Z ./HTML/htmltemplategenerator-gh-pages/css/htmltempgen.css
2022-05-28T07:27:29.9067587Z ./HTML/htmltemplategenerator-gh-pages/README.md
2022-05-28T07:27:29.9068110Z ./HTML/htmltemplategenerator-gh-pages/scss/
2022-05-28T07:27:29.9068964Z ./HTML/htmltemplategenerator-gh-pages/scss/htmltempgen.scss
2022-05-28T07:27:29.9069360Z ./HTML/will.html
2022-05-28T07:27:29.9070002Z ./HTML/TOOLS/
2022-05-28T07:27:29.9070336Z ./HTML/TOOLS/QR.html
2022-05-28T07:27:29.9070993Z ./HTML/TOOLS/miniPaint.html
2022-05-28T07:27:29.9071356Z ./HTML/TOOLS/Markdown.html
2022-05-28T07:27:29.9072376Z ./HTML/TOOLS/image2cpp.html
2022-05-28T07:27:29.9072728Z ./HTML/TOOLS/qr.html
2022-05-28T07:27:29.9073461Z ./HTML/TOOLS/visitor-badge.html
2022-05-28T07:27:29.9073860Z ./HTML/TOOLS/Markdown/
2022-05-28T07:27:29.9074609Z ./HTML/TOOLS/Markdown/markdown-css.html
2022-05-28T07:27:29.9074992Z ./HTML/TOOLS/Markdown/index.html
2022-05-28T07:27:29.9075687Z ./HTML/TOOLS/Markdown/index.md
2022-05-28T07:27:29.9076060Z ./HTML/TOOLS/COLLOR/
2022-05-28T07:27:29.9076725Z ./HTML/TOOLS/COLLOR/PALATTE.html
2022-05-28T07:27:29.9077102Z ./HTML/TOOLS/COLLOR/ANGULAR.html
2022-05-28T07:27:29.9077787Z ./HTML/TOOLS/Calculator.html
2022-05-28T07:27:29.9078155Z ./wahyu9kdl.xml
2022-05-28T07:27:29.9078786Z ./index.txt
2022-05-28T07:27:29.9079132Z ./app.ads.txt
2022-05-28T07:27:29.9079768Z ./SECURITY.md
2022-05-28T07:27:29.9080073Z ./infolink/
2022-05-28T07:27:29.9080724Z ./infolink/drupal7/
2022-05-28T07:27:29.9081108Z ./infolink/drupal7/Infolinks_Plugin/
2022-05-28T07:27:29.9081843Z ./infolink/drupal7/Infolinks_Plugin/infolinks.info
2022-05-28T07:27:29.9082867Z ./infolink/drupal7/Infolinks_Plugin/infolinks.install
2022-05-28T07:27:29.9083656Z ./infolink/drupal7/Infolinks_Plugin/infolinks.css
2022-05-28T07:27:29.9084094Z ./infolink/drupal7/Infolinks_Plugin/infolinks.module
2022-05-28T07:27:29.9084836Z ./infolink/drupal7/Infolinks_Plugin/Bubble.gif
2022-05-28T07:27:29.9085253Z ./infolink/drupal7/Infolinks_Plugin/infolink.png
2022-05-28T07:27:29.9085977Z ./infolink/drupal5/
2022-05-28T07:27:29.9086345Z ./infolink/drupal5/Infolinks_Plugin/
2022-05-28T07:27:29.9087066Z ./infolink/drupal5/Infolinks_Plugin/infolinks.info
2022-05-28T07:27:29.9087498Z ./infolink/drupal5/Infolinks_Plugin/jquery.js
2022-05-28T07:27:29.9088233Z ./infolink/drupal5/Infolinks_Plugin/infolinks.install
2022-05-28T07:27:29.9088819Z ./infolink/drupal5/Infolinks_Plugin/nfolinks.install
2022-05-28T07:27:29.9089659Z ./infolink/drupal5/Infolinks_Plugin/infolinks.module
2022-05-28T07:27:29.9090149Z ./infolink/drupal5/Infolinks_Plugin/Bubble.gif
2022-05-28T07:27:29.9090921Z ./infolink/drupal5/Infolinks_Plugin/infolink.png
2022-05-28T07:27:29.9091582Z ./stripe_backup_code.txt
2022-05-28T07:27:29.9092388Z ./package/
2022-05-28T07:27:29.9092787Z ./package/gitlab
2022-05-28T07:27:29.9093834Z ./java/
2022-05-28T07:27:29.9094236Z ./java/package.java
2022-05-28T07:27:29.9095026Z ./SECURITY.html
2022-05-28T07:27:29.9095416Z ./404.html
2022-05-28T07:27:29.9096150Z ./react/
2022-05-28T07:27:29.9096543Z ./react/SECURITY.md
2022-05-28T07:27:29.9097231Z ./react/SECURITY.html
2022-05-28T07:27:29.9097678Z ./react/yarn.lock
2022-05-28T07:27:29.9098416Z ./react/LICENSE
2022-05-28T07:27:29.9098816Z ./react/index.html
2022-05-28T07:27:29.9099493Z ./react/notes.md
2022-05-28T07:27:29.9099879Z ./react/src/
2022-05-28T07:27:29.9100786Z ./react/src/media-templates.sketch
2022-05-28T07:27:29.9101204Z ./react/src/index.js
2022-05-28T07:27:29.9101949Z ./react/src/styles.css
2022-05-28T07:27:29.9102395Z ./react/README.md
2022-05-28T07:27:29.9103458Z ./react/webpack.config.js
2022-05-28T07:27:29.9104189Z ./react/package.json
2022-05-28T07:27:29.9104932Z ./react/notes.html
2022-05-28T07:27:29.9105333Z ./react/install.json
2022-05-28T07:27:29.9106000Z ./ads/
2022-05-28T07:27:29.9106471Z ./ads/f.txt
2022-05-28T07:27:29.9107189Z ./ads/amp.js
2022-05-28T07:27:29.9107534Z ./ads/ads.txt
2022-05-28T07:27:29.9108341Z ./dmca-validation.html
2022-05-28T07:27:29.9108827Z ./LICENSE
2022-05-28T07:27:29.9109566Z ./google6b7c2314bcdc7981.html
2022-05-28T07:27:29.9109938Z ./ads.txt
2022-05-28T07:27:29.9110691Z ./privasy.html
2022-05-28T07:27:29.9111083Z ./app.js
2022-05-28T07:27:29.9111845Z ./Aw-icon.png
2022-05-28T07:27:29.9112247Z ./.htaccess
2022-05-28T07:27:29.9113078Z ./robots.txt
2022-05-28T07:27:29.9113481Z ./Dockerfile
2022-05-28T07:27:29.9118856Z ./FUNDING.yml
2022-05-28T07:27:29.9120238Z ./index.html
2022-05-28T07:27:29.9120639Z ./sitemap/
2022-05-28T07:27:29.9121338Z ./sitemap/sitemap_generator.rb
2022-05-28T07:27:29.9121779Z ./sitemap/urllist.txt
2022-05-28T07:27:29.9122574Z ./sitemap/sitemap.html
2022-05-28T07:27:29.9122961Z ./sitemap/sitemap.xml
2022-05-28T07:27:29.9123692Z ./sitemap.xml
2022-05-28T07:27:29.9124077Z ./js/
2022-05-28T07:27:29.9124911Z ./js/bubble-shooter.js
2022-05-28T07:27:29.9125319Z ./js/Sprite.js
2022-05-28T07:27:29.9126050Z ./js/direct.js
2022-05-28T07:27:29.9126446Z ./js/routines.js
2022-05-28T07:27:29.9127115Z ./js/lazyload.js
2022-05-28T07:27:29.9127529Z ./js/jetfrom.js
2022-05-28T07:27:29.9128656Z ./js/Celula.js
2022-05-28T07:27:29.9129020Z ./vue/
2022-05-28T07:27:29.9129743Z ./vue/vue.config.js
2022-05-28T07:27:29.9130139Z ./vue/index.html
2022-05-28T07:27:29.9130938Z ./vue/babel.config.js
2022-05-28T07:27:29.9131424Z ./vue/public/
2022-05-28T07:27:29.9132192Z ./vue/public/login.html
2022-05-28T07:27:29.9132616Z ./vue/public/logo.png
2022-05-28T07:27:29.9133311Z ./vue/public/index.html
2022-05-28T07:27:29.9133755Z ./vue/src/
2022-05-28T07:27:29.9134468Z ./vue/src/components/
2022-05-28T07:27:29.9134890Z ./vue/src/components/Nav.vue
2022-05-28T07:27:29.9135614Z ./vue/src/components/HelloWorld.vue
2022-05-28T07:27:29.9136333Z ./vue/src/components/Footer.vue
2022-05-28T07:27:29.9137117Z ./vue/src/components/Profile.vue
2022-05-28T07:27:29.9137504Z ./vue/src/App.vue
2022-05-28T07:27:29.9138225Z ./vue/src/views/
2022-05-28T07:27:29.9138960Z ./vue/src/views/home.vue
2022-05-28T07:27:29.9139764Z ./vue/src/router/
2022-05-28T07:27:29.9140137Z ./vue/src/router/index.js
2022-05-28T07:27:29.9140864Z ./vue/src/main.js
2022-05-28T07:27:29.9141274Z ./vue/README.md
2022-05-28T07:27:29.9141951Z ./vue/deploy.sh
2022-05-28T07:27:29.9142383Z ./console.txt
2022-05-28T07:27:29.9143086Z ./DASHBOARD/
2022-05-28T07:27:29.9143482Z ./DASHBOARD/google6b7c2314bcdc7981.html
2022-05-28T07:27:29.9144242Z ./DASHBOARD/BLOOG/
2022-05-28T07:27:29.9144741Z ./DASHBOARD/BLOOG/grds.html
2022-05-28T07:27:29.9145617Z ./DASHBOARD/BLOOG/popular-site/
2022-05-28T07:27:29.9146121Z ./DASHBOARD/BLOOG/popular-site/Google.com.txt
2022-05-28T07:27:29.9147029Z ./DASHBOARD/BLOOG/popular-site/Reddit.com.txt
2022-05-28T07:27:29.9147598Z ./DASHBOARD/BLOOG/popular-site/Dropbox.com.txt
2022-05-28T07:27:29.9148463Z ./DASHBOARD/BLOOG/popular-site/Ebay.com.txt
2022-05-28T07:27:29.9149014Z ./DASHBOARD/BLOOG/popular-site/PayPal.com.txt
2022-05-28T07:27:29.9150329Z ./DASHBOARD/BLOOG/popular-site/Wikipedia.org.txt
2022-05-28T07:27:29.9150893Z ./DASHBOARD/BLOOG/popular-site/CNN.com.txt
2022-05-28T07:27:29.9151742Z ./DASHBOARD/BLOOG/popular-site/Pinterest.com.txt
2022-05-28T07:27:29.9152350Z ./DASHBOARD/BLOOG/popular-site/Ubnt.com.txt
2022-05-28T07:27:29.9153249Z ./DASHBOARD/BLOOG/popular-site/Facebook.com.txt
2022-05-28T07:27:29.9153811Z ./DASHBOARD/BLOOG/popular-site/WhatsApp.com.txt
2022-05-28T07:27:29.9154637Z ./DASHBOARD/BLOOG/popular-site/Amazon.com.txt
2022-05-28T07:27:29.9155243Z ./DASHBOARD/BLOOG/popular-site/LICENSE
2022-05-28T07:27:29.9156137Z ./DASHBOARD/BLOOG/popular-site/Instagram.com.txt
2022-05-28T07:27:29.9156652Z ./DASHBOARD/BLOOG/popular-site/Apple.com.txt
2022-05-28T07:27:29.9157529Z ./DASHBOARD/BLOOG/popular-site/index.html
2022-05-28T07:27:29.9158128Z ./DASHBOARD/BLOOG/popular-site/LinkedIn.com.txt
2022-05-28T07:27:29.9159039Z ./DASHBOARD/BLOOG/popular-site/YouTube.com.txt
2022-05-28T07:27:29.9159546Z ./DASHBOARD/BLOOG/popular-site/Office.com.txt
2022-05-28T07:27:29.9160821Z ./DASHBOARD/BLOOG/popular-site/Twitter.com.txt
2022-05-28T07:27:29.9161735Z ./DASHBOARD/BLOOG/popular-site/README.md
2022-05-28T07:27:29.9163171Z ./DASHBOARD/BLOOG/popular-site/Bing.com.txt
2022-05-28T07:27:29.9163552Z ./DASHBOARD/BLOOG/popular-site/GoDaddy.com.txt
2022-05-28T07:27:29.9163958Z ./DASHBOARD/BLOOG/popular-site/BBC.com.txt
2022-05-28T07:27:29.9164407Z ./DASHBOARD/BLOOG/popular-site/Microsoft.com.txt
2022-05-28T07:27:29.9164826Z ./DASHBOARD/BLOOG/popular-site/Netflix.com.txt
2022-05-28T07:27:29.9165192Z ./DASHBOARD/BLOOG/popular-site/Yahoo.com.txt
2022-05-28T07:27:29.9165589Z ./DASHBOARD/BLOOG/popular-site/Dell.com.txt
2022-05-28T07:27:29.9165976Z ./DASHBOARD/BLOOG/popular-site/Sap.com.txt
2022-05-28T07:27:29.9166344Z ./DASHBOARD/BLOOG/popular-site/Uber.com.txt
2022-05-28T07:27:29.9166660Z ./DASHBOARD/BLOOG/index.html
2022-05-28T07:27:29.9166969Z ./DASHBOARD/BLOOG/index.md
2022-05-28T07:27:29.9167273Z ./DASHBOARD/BLOOG/whois-servers/
2022-05-28T07:27:29.9167651Z ./DASHBOARD/BLOOG/whois-servers/list.txt
2022-05-28T07:27:29.9168221Z ./DASHBOARD/BLOOG/whois-servers/composer.json
2022-05-28T07:27:29.9168563Z ./DASHBOARD/BLOOG/whois-servers/LICENSE
2022-05-28T07:27:29.9168944Z ./DASHBOARD/BLOOG/whois-servers/index.html
2022-05-28T07:27:29.9169333Z ./DASHBOARD/BLOOG/whois-servers/README.md
2022-05-28T07:27:29.9169697Z ./DASHBOARD/BLOOG/whois-servers/list.json
2022-05-28T07:27:29.9170081Z ./DASHBOARD/BLOOG/ssl-cert-info/
2022-05-28T07:27:29.9170456Z ./DASHBOARD/BLOOG/ssl-cert-info/index.js
2022-05-28T07:27:29.9171555Z ./DASHBOARD/BLOOG/ssl-cert-info/LICENSE
2022-05-28T07:27:29.9171931Z ./DASHBOARD/BLOOG/ssl-cert-info/index.html
2022-05-28T07:27:29.9172349Z ./DASHBOARD/BLOOG/ssl-cert-info/README.md
2022-05-28T07:27:29.9172742Z ./DASHBOARD/BLOOG/ssl-cert-info/package.json
2022-05-28T07:27:29.9173213Z ./DASHBOARD/PROJECTS/
2022-05-28T07:27:29.9173509Z ./DASHBOARD/PROJECTS/ANIMATION/
2022-05-28T07:27:29.9173878Z ./DASHBOARD/PROJECTS/ANIMATION/CssAnimasi.html
2022-05-28T07:27:29.9174183Z ./DASHBOARD/PROJECTS/ANIMATION/Sholawat.html
2022-05-28T07:27:29.9174527Z ./DASHBOARD/PROJECTS/ANIMATION/Canvas.html
2022-05-28T07:27:29.9174851Z ./DASHBOARD/PROJECTS/ANIMATION/TEXT.html
2022-05-28T07:27:29.9175155Z ./DASHBOARD/PROJECTS/ANIMATION/opencollective.md
2022-05-28T07:27:29.9175536Z ./DASHBOARD/PROJECTS/ANIMATION/Minesweeper.html
2022-05-28T07:27:29.9175882Z ./DASHBOARD/PROJECTS/ANIMATION/puzzle.html
2022-05-28T07:27:29.9176180Z ./DASHBOARD/PROJECTS/ANIMATION/Flappy.html
2022-05-28T07:27:29.9176507Z ./DASHBOARD/PROJECTS/ANIMATION/Ball.html
2022-05-28T07:27:29.9176875Z ./DASHBOARD/PROJECTS/ANIMATION/opencollective.html
2022-05-28T07:27:29.9177223Z ./DASHBOARD/PROJECTS/ANIMATION/background.html
2022-05-28T07:27:29.9177663Z ./DASHBOARD/PROJECTS/ANIMATION/Generator-Color.html
2022-05-28T07:27:29.9178027Z ./DASHBOARD/PROJECTS/ANIMATION/CATUR.html
2022-05-28T07:27:29.9178372Z ./DASHBOARD/PROJECTS/ANIMATION/Hoverboard.html
2022-05-28T07:27:29.9178672Z ./DASHBOARD/PROJECTS/ANIMATION/Bubble.html
2022-05-28T07:27:29.9179041Z ./DASHBOARD/PROJECTS/ANIMATION/index.html
2022-05-28T07:27:29.9179389Z ./DASHBOARD/PROJECTS/ANIMATION/Navigation.html
2022-05-28T07:27:29.9179680Z ./DASHBOARD/PROJECTS/ANIMATION/FADE.html
2022-05-28T07:27:29.9180112Z ./DASHBOARD/PROJECTS/ANIMATION/Expanding-Cards-Github.html
2022-05-28T07:27:29.9180578Z ./DASHBOARD/PROJECTS/ANIMATION/RGB-COLOR.html
2022-05-28T07:27:29.9180892Z ./DASHBOARD/PROJECTS/ANIMATION/Cradle.html
2022-05-28T07:27:29.9181235Z ./DASHBOARD/PROJECTS/ANIMATION/TicTacToe.html
2022-05-28T07:27:29.9181912Z ./DASHBOARD/PROJECTS/ANIMATION/Ajax3D.html
2022-05-28T07:27:29.9182225Z ./DASHBOARD/PROJECTS/ANIMATION/GERHANA.html
2022-05-28T07:27:29.9182701Z ./DASHBOARD/PROJECTS/ANIMATION/NAVI-Animation.html
2022-05-28T07:27:29.9183040Z ./DASHBOARD/PROJECTS/ANIMATION/box.html
2022-05-28T07:27:29.9183388Z ./DASHBOARD/PROJECTS/ANIMATION/Tetris.html
2022-05-28T07:27:29.9184124Z ./DASHBOARD/PROJECTS/wahyu9kdl.github.io_Config.php at main · wahyu9kdl_wahyu9kdl.github.io
2022-05-28T07:27:29.9184555Z ./DASHBOARD/PROJECTS/YOUTUBE/
2022-05-28T07:27:29.9184893Z ./DASHBOARD/PROJECTS/YOUTUBE/jyl.html
2022-05-28T07:27:29.9185174Z ./DASHBOARD/PROJECTS/YOUTUBE/loop.html
2022-05-28T07:27:29.9185494Z ./DASHBOARD/PROJECTS/PAGE/
2022-05-28T07:27:29.9185812Z ./DASHBOARD/PROJECTS/PAGE/protector.html
2022-05-28T07:27:29.9186108Z ./DASHBOARD/PROJECTS/PAGE/AWSPOTIFY.html
2022-05-28T07:27:29.9186492Z ./DASHBOARD/PROJECTS/PAGE/kelas.sekolahpintar.html
2022-05-28T07:27:29.9186857Z ./DASHBOARD/PROJECTS/PAGE/Speardsheet.csv
2022-05-28T07:27:29.9187147Z ./DASHBOARD/PROJECTS/PAGE/IFRAME.html
2022-05-28T07:27:29.9187468Z ./DASHBOARD/PROJECTS/PAGE/PIN.html
2022-05-28T07:27:29.9187813Z ./DASHBOARD/PROJECTS/PAGE/Awmedia.html
2022-05-28T07:27:29.9188184Z ./DASHBOARD/PROJECTS/archers-island-master/
2022-05-28T07:27:29.9188655Z ./DASHBOARD/PROJECTS/archers-island-master/index.html
2022-05-28T07:27:29.9189090Z ./DASHBOARD/PROJECTS/archers-island-master/js/
2022-05-28T07:27:29.9189472Z ./DASHBOARD/PROJECTS/archers-island-master/js/goal.js
2022-05-28T07:27:29.9189950Z ./DASHBOARD/PROJECTS/archers-island-master/js/projectile.js
2022-05-28T07:27:29.9190417Z ./DASHBOARD/PROJECTS/archers-island-master/js/app.js
2022-05-28T07:27:29.9190857Z ./DASHBOARD/PROJECTS/archers-island-master/js/modal.js
2022-05-28T07:27:29.9191255Z ./DASHBOARD/PROJECTS/archers-island-master/js/screen.js
2022-05-28T07:27:29.9191727Z ./DASHBOARD/PROJECTS/archers-island-master/js/collision.js
2022-05-28T07:27:29.9192536Z ./DASHBOARD/PROJECTS/archers-island-master/js/player.js
2022-05-28T07:27:29.9192965Z ./DASHBOARD/PROJECTS/archers-island-master/js/game.js
2022-05-28T07:27:29.9193410Z ./DASHBOARD/PROJECTS/archers-island-master/js/obstacle.js
2022-05-28T07:27:29.9193854Z ./DASHBOARD/PROJECTS/archers-island-master/js/dom.js
2022-05-28T07:27:29.9194409Z ./DASHBOARD/PROJECTS/archers-island-master/css/
2022-05-28T07:27:29.9194889Z ./DASHBOARD/PROJECTS/archers-island-master/css/style.css
2022-05-28T07:27:29.9195321Z ./DASHBOARD/PROJECTS/archers-island-master/README.md
2022-05-28T07:27:29.9195747Z ./DASHBOARD/PROJECTS/archers-island-master/img/
2022-05-28T07:27:29.9196175Z ./DASHBOARD/PROJECTS/archers-island-master/img/aw_islands.jpg
2022-05-28T07:27:29.9196644Z ./DASHBOARD/PROJECTS/archers-island-master/img/arrow.png
2022-05-28T07:27:29.9197109Z ./DASHBOARD/PROJECTS/archers-island-master/img/title-screen.png
2022-05-28T07:27:29.9197540Z ./DASHBOARD/PROJECTS/archers-island-master/img/goal-hit.png
2022-05-28T07:27:29.9197985Z ./DASHBOARD/PROJECTS/archers-island-master/img/goal.png
2022-05-28T07:27:29.9198452Z ./DASHBOARD/PROJECTS/archers-island-master/img/archer-1.png
2022-05-28T07:27:29.9198893Z ./DASHBOARD/PROJECTS/archers-island-master/img/crab-2.png
2022-05-28T07:27:29.9199357Z ./DASHBOARD/PROJECTS/archers-island-master/img/archer-2.png
2022-05-28T07:27:29.9199811Z ./DASHBOARD/PROJECTS/archers-island-master/img/fish-2.png
2022-05-28T07:27:29.9200243Z ./DASHBOARD/PROJECTS/archers-island-master/img/bg-fixed.png
2022-05-28T07:27:29.9200687Z ./DASHBOARD/PROJECTS/archers-island-master/favicon.ico
2022-05-28T07:27:29.9202126Z ./DASHBOARD/PROJECTS/FACEBOOK/
2022-05-28T07:27:29.9202399Z ./DASHBOARD/PROJECTS/FACEBOOK/like.py
2022-05-28T07:27:29.9202776Z ./DASHBOARD/PROJECTS/FACEBOOK/Awfanspage.html
2022-05-28T07:27:29.9203416Z ./DASHBOARD/PROJECTS/SERVICE/
2022-05-28T07:27:29.9203689Z ./DASHBOARD/PROJECTS/SERVICE/site123.html
2022-05-28T07:27:29.9204008Z ./DASHBOARD/PROJECTS/SERVICE/adfly.html
2022-05-28T07:27:29.9204380Z ./DASHBOARD/PROJECTS/SERVICE/exabytes.html
2022-05-28T07:27:29.9204776Z ./DASHBOARD/PROJECTS/SERVICE/asia-cloudns.html
2022-05-28T07:27:29.9205128Z ./DASHBOARD/PROJECTS/SERVICE/seobility.html
2022-05-28T07:27:29.9205477Z ./DASHBOARD/PROJECTS/SERVICE/niagahoster.html
2022-05-28T07:27:29.9205753Z ./DASHBOARD/PROJECTS/MIKROVER/
2022-05-28T07:27:29.9206120Z ./DASHBOARD/PROJECTS/MIKROVER/HOSTING.html
2022-05-28T07:27:29.9206525Z ./DASHBOARD/PROJECTS/MIKROVER/Mikrotik-DNS.html
2022-05-28T07:27:29.9207184Z ./DASHBOARD/PROJECTS/MIKROVER/Ping.html
2022-05-28T07:27:29.9207529Z ./DASHBOARD/PROJECTS/MIKROVER/Excample.txt
2022-05-28T07:27:29.9207956Z ./DASHBOARD/PROJECTS/MIKROVER/CHECK-DNS.html
2022-05-28T07:27:29.9208312Z ./DASHBOARD/PROJECTS/TWITTER/
2022-05-28T07:27:29.9208582Z ./DASHBOARD/PROJECTS/TWITTER/update.html
2022-05-28T07:27:29.9208881Z ./DASHBOARD/ADMIN/
2022-05-28T07:27:29.9209162Z ./DASHBOARD/ADMIN/daftar.php
2022-05-28T07:27:29.9209469Z ./DASHBOARD/ADMIN/Baca.txt
2022-05-28T07:27:29.9209774Z ./DASHBOARD/ADMIN/user.sql
2022-05-28T07:27:29.9210043Z ./DASHBOARD/ADMIN/js/
2022-05-28T07:27:29.9210285Z ./DASHBOARD/ADMIN/js/script.js
2022-05-28T07:27:29.9210564Z ./DASHBOARD/ADMIN/user.php
2022-05-28T07:27:29.9210880Z ./DASHBOARD/ADMIN/LOGIN.html
2022-05-28T07:27:29.9211136Z ./DASHBOARD/ADMIN/akunuser.php
2022-05-28T07:27:29.9211509Z ./DASHBOARD/ADMIN/index.php
2022-05-28T07:27:29.9211863Z ./DASHBOARD/ADMIN/style.css
2022-05-28T07:27:29.9212115Z ./DASHBOARD/index.html
2022-05-28T07:27:29.9212554Z ./DASHBOARD/user_archive-wahyu9kdl-220330-022726-3545/
2022-05-28T07:27:29.9213028Z ./DASHBOARD/user_archive-wahyu9kdl-220330-022726-3545/visits.csv
2022-05-28T07:27:29.9213465Z ./DASHBOARD/user_archive-wahyu9kdl-220330-022726-3545/likes.csv
2022-05-28T07:27:29.9214283Z ./DASHBOARD/user_archive-wahyu9kdl-220330-022726-3545/queued_posts.csv
2022-05-28T07:27:29.9214793Z ./DASHBOARD/user_archive-wahyu9kdl-220330-022726-3545/bookmarks.csv
2022-05-28T07:27:29.9215307Z ./DASHBOARD/user_archive-wahyu9kdl-220330-022726-3545/badges.csv
2022-05-28T07:27:29.9215719Z ./DASHBOARD/user_archive-wahyu9kdl-220330-022726-3545/index.html
2022-05-28T07:27:29.9216222Z ./DASHBOARD/user_archive-wahyu9kdl-220330-022726-3545/preferences.json
2022-05-28T07:27:29.9216722Z ./DASHBOARD/user_archive-wahyu9kdl-220330-022726-3545/auth_token_logs.csv
2022-05-28T07:27:29.9217275Z ./DASHBOARD/user_archive-wahyu9kdl-220330-022726-3545/flags.csv
2022-05-28T07:27:29.9217845Z ./DASHBOARD/user_archive-wahyu9kdl-220330-022726-3545/auth_tokens.csv
2022-05-28T07:27:29.9218376Z ./DASHBOARD/user_archive-wahyu9kdl-220330-022726-3545/category_preferences.csv
2022-05-28T07:27:29.9218836Z ./DASHBOARD/user_archive-wahyu9kdl-220330-022726-3545/user_archive.csv
2022-05-28T07:27:29.9219180Z ./DASHBOARD/TEMPLATES/
2022-05-28T07:27:29.9219496Z ./DASHBOARD/TEMPLATES/Movie.html
2022-05-28T07:27:29.9219819Z ./DASHBOARD/cloudflareaccess.html
2022-05-28T07:27:29.9220074Z ./DASHBOARD/LOG.html
2022-05-28T07:27:29.9220335Z ./DASHBOARD/TOOLS/
2022-05-28T07:27:29.9220602Z ./DASHBOARD/TOOLS/TTS.html
2022-05-28T07:27:29.9220878Z ./DASHBOARD/TOOLS/REFRESH.html
2022-05-28T07:27:29.9221185Z ./DASHBOARD/TOOLS/ONLINE/
2022-05-28T07:27:29.9221504Z ./DASHBOARD/TOOLS/ONLINE/sha512_256_checksum.html
2022-05-28T07:27:29.9221809Z ./DASHBOARD/TOOLS/ONLINE/url_decode.html
2022-05-28T07:27:29.9222136Z ./DASHBOARD/TOOLS/ONLINE/sha512_224_file_hash.html
2022-05-28T07:27:29.9222511Z ./DASHBOARD/TOOLS/ONLINE/crc16.html
2022-05-28T07:27:29.9222797Z ./DASHBOARD/TOOLS/ONLINE/md5_checksum.html
2022-05-28T07:27:29.9223123Z ./DASHBOARD/TOOLS/ONLINE/base32_decode.html
2022-05-28T07:27:29.9223454Z ./DASHBOARD/TOOLS/ONLINE/html_encode.html
2022-05-28T07:27:29.9223720Z ./DASHBOARD/TOOLS/ONLINE/md4.html
2022-05-28T07:27:29.9224075Z ./DASHBOARD/TOOLS/ONLINE/sha384_checksum.html
2022-05-28T07:27:29.9224688Z ./DASHBOARD/TOOLS/ONLINE/crc32.html
2022-05-28T07:27:29.9224976Z ./DASHBOARD/TOOLS/ONLINE/keccak_512.html
2022-05-28T07:27:29.9225317Z ./DASHBOARD/TOOLS/ONLINE/base64_encode_file.html
2022-05-28T07:27:29.9225687Z ./DASHBOARD/TOOLS/ONLINE/sha512_checksum.html
2022-05-28T07:27:29.9225983Z ./DASHBOARD/TOOLS/ONLINE/base32_decode_file.html
2022-05-28T07:27:29.9226341Z ./DASHBOARD/TOOLS/ONLINE/crc32_checksum.html
2022-05-28T07:27:29.9226682Z ./DASHBOARD/TOOLS/ONLINE/keccak_384_checksum.html
2022-05-28T07:27:29.9227010Z ./DASHBOARD/TOOLS/ONLINE/sha256.html
2022-05-28T07:27:29.9227305Z ./DASHBOARD/TOOLS/ONLINE/md5.html
2022-05-28T07:27:29.9227622Z ./DASHBOARD/TOOLS/ONLINE/sha3_384.html
2022-05-28T07:27:29.9227941Z ./DASHBOARD/TOOLS/ONLINE/keccak_256.html
2022-05-28T07:27:29.9228220Z ./DASHBOARD/TOOLS/ONLINE/sha512_256.html
2022-05-28T07:27:29.9228553Z ./DASHBOARD/TOOLS/ONLINE/syntax_highlight.html
2022-05-28T07:27:29.9228910Z ./DASHBOARD/TOOLS/ONLINE/keccak_384.html
2022-05-28T07:27:29.9229190Z ./DASHBOARD/TOOLS/ONLINE/crc16_checksum.html
2022-05-28T07:27:29.9229526Z ./DASHBOARD/TOOLS/ONLINE/shake_128_checksum.html
2022-05-28T07:27:29.9229854Z ./DASHBOARD/TOOLS/ONLINE/md2_file_hash.html
2022-05-28T07:27:29.9230147Z ./DASHBOARD/TOOLS/ONLINE/base64_decode_file.html
2022-05-28T07:27:29.9230511Z ./DASHBOARD/TOOLS/ONLINE/sha384_file_hash.html
2022-05-28T07:27:29.9230842Z ./DASHBOARD/TOOLS/ONLINE/shake_256_checksum.html
2022-05-28T07:27:29.9231132Z ./DASHBOARD/TOOLS/ONLINE/base32_encode_file.html
2022-05-28T07:27:29.9231446Z ./DASHBOARD/TOOLS/ONLINE/sha384.html
2022-05-28T07:27:29.9231790Z ./DASHBOARD/TOOLS/ONLINE/sha512.html
2022-05-28T07:27:29.9232090Z ./DASHBOARD/TOOLS/ONLINE/robots.txt
2022-05-28T07:27:29.9232351Z ./DASHBOARD/TOOLS/ONLINE/index.html
2022-05-28T07:27:29.9232670Z ./DASHBOARD/TOOLS/ONLINE/sha1_checksum.html
2022-05-28T07:27:29.9232998Z ./DASHBOARD/TOOLS/ONLINE/sha3_512.html
2022-05-28T07:27:29.9233303Z ./DASHBOARD/TOOLS/ONLINE/sha3_512_checksum.html
2022-05-28T07:27:29.9233626Z ./DASHBOARD/TOOLS/ONLINE/base64_encode.html
2022-05-28T07:27:29.9233959Z ./DASHBOARD/TOOLS/ONLINE/sha3_256_checksum.html
2022-05-28T07:27:29.9234265Z ./DASHBOARD/TOOLS/ONLINE/keccak_224_checksum.html
2022-05-28T07:27:29.9234597Z ./DASHBOARD/TOOLS/ONLINE/shake_256.html
2022-05-28T07:27:29.9234942Z ./DASHBOARD/TOOLS/ONLINE/base32_encode.html
2022-05-28T07:27:29.9235504Z ./DASHBOARD/TOOLS/ONLINE/js/
2022-05-28T07:27:29.9235921Z ./DASHBOARD/TOOLS/ONLINE/js/syntax-highlight.js
2022-05-28T07:27:29.9236248Z ./DASHBOARD/TOOLS/ONLINE/js/main.js
2022-05-28T07:27:29.9236526Z ./DASHBOARD/TOOLS/ONLINE/html_decode.html
2022-05-28T07:27:29.9237063Z ./DASHBOARD/TOOLS/ONLINE/keccak_256_checksum.html
2022-05-28T07:27:29.9237393Z ./DASHBOARD/TOOLS/ONLINE/sha512_224_checksum.html
2022-05-28T07:27:29.9237688Z ./DASHBOARD/TOOLS/ONLINE/sha3_384_checksum.html
2022-05-28T07:27:29.9238002Z ./DASHBOARD/TOOLS/ONLINE/sha1.html
2022-05-28T07:27:29.9238347Z ./DASHBOARD/TOOLS/ONLINE/css/
2022-05-28T07:27:29.9238654Z ./DASHBOARD/TOOLS/ONLINE/css/style.css
2022-05-28T07:27:29.9238939Z ./DASHBOARD/TOOLS/ONLINE/base64_decode.html
2022-05-28T07:27:29.9239250Z ./DASHBOARD/TOOLS/ONLINE/sha512_224.html
2022-05-28T07:27:29.9239592Z ./DASHBOARD/TOOLS/ONLINE/sha224_checksum.html
2022-05-28T07:27:29.9239885Z ./DASHBOARD/TOOLS/ONLINE/md2.html
2022-05-28T07:27:29.9240188Z ./DASHBOARD/TOOLS/ONLINE/README.md
2022-05-28T07:27:29.9240512Z ./DASHBOARD/TOOLS/ONLINE/shake_128.html
2022-05-28T07:27:29.9240780Z ./DASHBOARD/TOOLS/ONLINE/sha3_256.html
2022-05-28T07:27:29.9241118Z ./DASHBOARD/TOOLS/ONLINE/sha3_224_checksum.html
2022-05-28T07:27:29.9241462Z ./DASHBOARD/TOOLS/ONLINE/sha3_224.html
2022-05-28T07:27:29.9241730Z ./DASHBOARD/TOOLS/ONLINE/keccak_224.html
2022-05-28T07:27:29.9242043Z ./DASHBOARD/TOOLS/ONLINE/sha224.html
2022-05-28T07:27:29.9242369Z ./DASHBOARD/TOOLS/ONLINE/url_encode.html
2022-05-28T07:27:29.9358057Z ./DASHBOARD/TOOLS/ONLINE/md4_file_hash.html
2022-05-28T07:27:29.9358361Z ./DASHBOARD/TOOLS/ONLINE/keccak_512_checksum.html
2022-05-28T07:27:29.9358648Z ./DASHBOARD/TOOLS/ONLINE/sha512_256_file_hash.html
2022-05-28T07:27:29.9358922Z ./DASHBOARD/TOOLS/ONLINE/sha256_checksum.html
2022-05-28T07:27:29.9359189Z ./DASHBOARD/TOOLS/ONLINE/sha512_file_hash.html
2022-05-28T07:27:29.9359447Z ./DASHBOARD/TOOLS/CALCULATOR.html
2022-05-28T07:27:29.9359690Z ./DASHBOARD/TOOLS/BROWSHER.html
2022-05-28T07:27:29.9359916Z ./DASHBOARD/TOOLS/AUTO VISITOR/
2022-05-28T07:27:29.9360191Z ./DASHBOARD/TOOLS/AUTO VISITOR/autovisitor.class.php
2022-05-28T07:27:29.9360476Z ./DASHBOARD/TOOLS/AUTO VISITOR/Attack.html
2022-05-28T07:27:29.9360731Z ./DASHBOARD/TOOLS/AUTO VISITOR/index.html
2022-05-28T07:27:29.9361019Z ./DASHBOARD/TOOLS/AUTO VISITOR/randomua.class.php
2022-05-28T07:27:29.9361286Z ./DASHBOARD/TOOLS/AUTO VISITOR/UNLIBOT/
2022-05-28T07:27:29.9361549Z ./DASHBOARD/TOOLS/AUTO VISITOR/UNLIBOT/live.js
2022-05-28T07:27:29.9361820Z ./DASHBOARD/TOOLS/AUTO VISITOR/UNLIBOT/robots.txt
2022-05-28T07:27:29.9362101Z ./DASHBOARD/TOOLS/AUTO VISITOR/UNLIBOT/index.html
2022-05-28T07:27:29.9362376Z ./DASHBOARD/TOOLS/AUTO VISITOR/UNLIBOT/live.html
2022-05-28T07:27:29.9362788Z ./DASHBOARD/TOOLS/AUTO VISITOR/UNLIBOT/live-chat.js
2022-05-28T07:27:29.9363076Z ./DASHBOARD/TOOLS/AUTO VISITOR/UNLIBOT/script.js
2022-05-28T07:27:29.9364752Z ./DASHBOARD/TOOLS/AUTO VISITOR/web-traffic-generator/
2022-05-28T07:27:29.9365162Z ./DASHBOARD/TOOLS/AUTO VISITOR/web-traffic-generator/gen.py
2022-05-28T07:27:29.9365562Z ./DASHBOARD/TOOLS/AUTO VISITOR/web-traffic-generator/index.html
2022-05-28T07:27:29.9366316Z ./DASHBOARD/TOOLS/AUTO VISITOR/web-traffic-generator/config.py.template
2022-05-28T07:27:29.9366748Z ./DASHBOARD/TOOLS/AUTO VISITOR/web-traffic-generator/README.md
2022-05-28T07:27:29.9367049Z ./DASHBOARD/TOOLS/AUTO VISITOR/JINGLING.html
2022-05-28T07:27:29.9367304Z ./DASHBOARD/TOOLS/AUTO VISITOR/index.php
2022-05-28T07:27:29.9367569Z ./DASHBOARD/TOOLS/AUTO VISITOR/MIKROVER.html
2022-05-28T07:27:29.9367815Z ./DASHBOARD/TOOLS/BACKLINK.html
2022-05-28T07:27:29.9368040Z ./DASHBOARD/TOOLS/PASSWORD.html
2022-05-28T07:27:29.9368265Z ./DASHBOARD/TOOLS/CANVAS.html
2022-05-28T07:27:29.9368543Z ./DASHBOARD/TOOLS/LEAN-WEB.html
2022-05-28T07:27:29.9368774Z ./DASHBOARD/TOOLS/CodeSandbox.html
2022-05-28T07:27:29.9369018Z ./DASHBOARD/TOOLS/BUTTONS.html
2022-05-28T07:27:29.9369346Z ./DASHBOARD/TOOLS/website-responsive-tools.html
2022-05-28T07:27:29.9369683Z ./DASHBOARD/TOOLS/iframe-generator.html
2022-05-28T07:27:29.9369968Z ./DASHBOARD/TOOLS/ROT-13.html
2022-05-28T07:27:29.9370258Z ./DASHBOARD/TOOLS/URL-OPPENER.html
2022-05-28T07:27:29.9370553Z ./DASHBOARD/TOOLS/KODE-POST.html
2022-05-28T07:27:29.9384011Z ./DASHBOARD/TOOLS/Handwriting.html
2022-05-28T07:27:29.9384562Z ./DASHBOARD/TOOLS/DOWNLODER/
2022-05-28T07:27:29.9384826Z ./DASHBOARD/TOOLS/DOWNLODER/BIOPAGE.html
2022-05-28T07:27:29.9385079Z ./DASHBOARD/TOOLS/DOWNLODER/wget/
2022-05-28T07:27:29.9385330Z ./DASHBOARD/TOOLS/DOWNLODER/wget/index.js
2022-05-28T07:27:29.9385760Z ./DASHBOARD/TOOLS/DOWNLODER/app.js
2022-05-28T07:27:29.9386003Z ./DASHBOARD/TOOLS/DOWNLODER/index.html
2022-05-28T07:27:29.9386262Z ./DASHBOARD/TOOLS/DOWNLODER/public/
2022-05-28T07:27:29.9386526Z ./DASHBOARD/TOOLS/DOWNLODER/public/Record.gif
2022-05-28T07:27:29.9386791Z ./DASHBOARD/TOOLS/DOWNLODER/public/sites/
2022-05-28T07:27:29.9387084Z ./DASHBOARD/TOOLS/DOWNLODER/public/sites/localhost.zip
2022-05-28T07:27:29.9387382Z ./DASHBOARD/TOOLS/DOWNLODER/public/stylesheets/
2022-05-28T07:27:29.9387674Z ./DASHBOARD/TOOLS/DOWNLODER/public/stylesheets/style.css
2022-05-28T07:27:29.9387956Z ./DASHBOARD/TOOLS/DOWNLODER/stylesheets/
2022-05-28T07:27:29.9388230Z ./DASHBOARD/TOOLS/DOWNLODER/stylesheets/style.css
2022-05-28T07:27:29.9388500Z ./DASHBOARD/TOOLS/DOWNLODER/views/
2022-05-28T07:27:29.9388747Z ./DASHBOARD/TOOLS/DOWNLODER/views/index.hbs
2022-05-28T07:27:29.9389013Z ./DASHBOARD/TOOLS/DOWNLODER/views/layout.hbs
2022-05-28T07:27:29.9389288Z ./DASHBOARD/TOOLS/DOWNLODER/views/error.hbs
2022-05-28T07:27:29.9389528Z ./DASHBOARD/TOOLS/DOWNLODER/socket.io/
2022-05-28T07:27:29.9389805Z ./DASHBOARD/TOOLS/DOWNLODER/socket.io/socket.io.js
2022-05-28T07:27:29.9390069Z ./DASHBOARD/TOOLS/DOWNLODER/bin/
2022-05-28T07:27:29.9390301Z ./DASHBOARD/TOOLS/DOWNLODER/bin/www
2022-05-28T07:27:29.9390543Z ./DASHBOARD/TOOLS/DOWNLODER/archiver/
2022-05-28T07:27:29.9390808Z ./DASHBOARD/TOOLS/DOWNLODER/archiver/index.js
2022-05-28T07:27:29.9391057Z ./DASHBOARD/TOOLS/DOWNLODER/routes/
2022-05-28T07:27:29.9391310Z ./DASHBOARD/TOOLS/DOWNLODER/routes/index.js
2022-05-28T07:27:29.9391572Z ./DASHBOARD/TOOLS/DOWNLODER/routes/users.js
2022-05-28T07:27:29.9391805Z ./DASHBOARD/TOOLS/UNIQEText.html
2022-05-28T07:27:29.9392039Z ./DASHBOARD/TOOLS/Notepad.html
2022-05-28T07:27:29.9392239Z ./css/
2022-05-28T07:27:29.9392540Z ./css/mobile-responsive/
2022-05-28T07:27:29.9392841Z ./css/mobile-responsive/mobile.css
2022-05-28T07:27:29.9393145Z ./css/mobile-responsive/mobile.scss
2022-05-28T07:27:29.9393442Z ./css/mobile-responsive/mobile.css.map
2022-05-28T07:27:29.9393662Z ./css/tools/
2022-05-28T07:27:29.9393920Z ./css/tools/generator-css.html
2022-05-28T07:27:29.9394132Z ./css/stylesheet.css
2022-05-28T07:27:29.9394379Z ./css/fontawesome-all.css
2022-05-28T07:27:29.9394584Z ./css/style.scss
2022-05-28T07:27:29.9394821Z ./css/tab-responsive/
2022-05-28T07:27:29.9395084Z ./css/tab-responsive/tab.css.map
2022-05-28T07:27:29.9395367Z ./css/tab-responsive/tab.scss
2022-05-28T07:27:29.9395636Z ./css/tab-responsive/tab.css
2022-05-28T07:27:29.9395835Z ./css/animate.css
2022-05-28T07:27:29.9396029Z ./css/style.css.map
2022-05-28T07:27:29.9396223Z ./css/bootstrap.css
2022-05-28T07:27:29.9396405Z ./css/style.css
2022-05-28T07:27:29.9396591Z ./assets/
2022-05-28T07:27:29.9396766Z ./assets/css/
2022-05-28T07:27:29.9396952Z ./assets/css/style.css
2022-05-28T07:27:29.9397133Z ./json/
2022-05-28T07:27:29.9397305Z ./json/Ads.json
2022-05-28T07:27:29.9397759Z ./json/client_secret_679591047596-jod09avv1r96sboarnf3ujehfaseqleb.apps.googleusercontent.com.json
2022-05-28T07:27:29.9398131Z ./json/Free_Proxy_List.json
2022-05-28T07:27:29.9398342Z ./json/package.json
2022-05-28T07:27:29.9398513Z ./txt
2022-05-28T07:27:29.9398681Z ./README.md
2022-05-28T07:27:29.9398860Z ./setup.py
2022-05-28T07:27:29.9399030Z ./AwDev.html
2022-05-28T07:27:29.9399202Z ./opt/
2022-05-28T07:27:29.9399377Z ./opt/build/
2022-05-28T07:27:29.9399553Z ./opt/build/repo/
2022-05-28T07:27:29.9399767Z ./opt/build/repo/netlify.toml
2022-05-28T07:27:29.9399964Z ./config/
2022-05-28T07:27:29.9400144Z ./config/default.yml
2022-05-28T07:27:29.9400441Z ./config/custom-environment-variables.yml
2022-05-28T07:27:29.9400703Z ./config/local.template.yml
2022-05-28T07:27:29.9400905Z ./config/test.yml
2022-05-28T07:27:29.9401229Z ./config/development.yml
2022-05-28T07:27:29.9401444Z ./credentials.json
2022-05-28T07:27:29.9401622Z ./img/
2022-05-28T07:27:29.9401857Z ./img/Aw-Downloader.jpg
2022-05-28T07:27:29.9402067Z ./img/resetIcon.png
2022-05-28T07:27:29.9402257Z ./img/favicon.io
2022-05-28T07:27:29.9402453Z ./img/header_wave.svg
2022-05-28T07:27:29.9402669Z ./img/minesweeper_graphs.png
2022-05-28T07:27:29.9402874Z ./img/Awboard.gif
2022-05-28T07:27:29.9403064Z ./img/Aw_square.png
2022-05-28T07:27:29.9403314Z ./img/bubble-sprites.png
2022-05-28T07:27:29.9403504Z ./img/wood.png
2022-05-28T07:27:29.9403690Z ./img/sprite.png
2022-05-28T07:27:29.9403883Z ./img/slider2.jpg
2022-05-28T07:27:29.9404065Z ./img/1x1px.png
2022-05-28T07:27:29.9404306Z ./img/Aw-Downloader.png
2022-05-28T07:27:29.9404503Z ./img/work2.jpg
2022-05-28T07:27:29.9404677Z ./img/about.jpg
2022-05-28T07:27:29.9404853Z ./img/contact.svg
2022-05-28T07:27:29.9405044Z ./img/about_bg.jpg
2022-05-28T07:27:29.9405225Z ./img/skill.svg
2022-05-28T07:27:29.9405409Z ./img/slider.jpg
2022-05-28T07:27:29.9405600Z ./img/footer.jpg
2022-05-28T07:27:29.9405786Z ./img/header_img.svg
2022-05-28T07:27:29.9405984Z ./img/pieces.png
2022-05-28T07:27:29.9406166Z ./img/marble.jpg
2022-05-28T07:27:29.9406344Z ./img/review.jpg
2022-05-28T07:27:29.9406542Z ./img/minesweeper_icon.png
2022-05-28T07:27:29.9406738Z ./faq.html
2022-05-28T07:27:29.9406955Z ./ReadME-Generator/
2022-05-28T07:27:29.9407217Z ./ReadME-Generator/images/
2022-05-28T07:27:29.9407500Z ./ReadME-Generator/images/icon.png
2022-05-28T07:27:29.9407840Z ./ReadME-Generator/images/ReadMEGeneratorBanner.png
2022-05-28T07:27:29.9408167Z ./ReadME-Generator/images/logo.png
2022-05-28T07:27:29.9408622Z ./ReadME-Generator/images/screenshot.png
2022-05-28T07:27:29.9408917Z ./ReadME-Generator/images/index.mg
2022-05-28T07:27:29.9409198Z ./ReadME-Generator/LICENSE.md
2022-05-28T07:27:29.9409530Z ./ReadME-Generator/CODE_OF_CONDUCT.md
2022-05-28T07:27:29.9409813Z ./ReadME-Generator/index.html
2022-05-28T07:27:29.9410079Z ./ReadME-Generator/js/
2022-05-28T07:27:29.9410363Z ./ReadME-Generator/js/script.js
2022-05-28T07:27:29.9410963Z ./ReadME-Generator/js/markdown.js
2022-05-28T07:27:29.9414716Z ./ReadME-Generator/css/
2022-05-28T07:27:29.9415000Z ./ReadME-Generator/css/style.scss
2022-05-28T07:27:29.9415295Z ./ReadME-Generator/css/style.css.map
2022-05-28T07:27:29.9415587Z ./ReadME-Generator/css/style.css
2022-05-28T07:27:29.9415866Z ./ReadME-Generator/README.md
2022-05-28T07:27:29.9416068Z ./Ads.html
2022-05-28T07:27:29.9416249Z ./Bootstrap.html
2022-05-28T07:27:29.9416451Z ./sitemap1.xml
2022-05-28T07:27:29.9448013Z ##[group]Run actions/upload-artifact@main
2022-05-28T07:27:29.9448244Z with:
2022-05-28T07:27:29.9448424Z   name: github-pages
2022-05-28T07:27:29.9448673Z   path: /home/runner/work/_temp/artifact.tar
2022-05-28T07:27:29.9448920Z   retention-days: 1
2022-05-28T07:27:29.9449123Z   if-no-files-found: warn
2022-05-28T07:27:29.9449331Z ##[endgroup]
2022-05-28T07:27:30.1034978Z With the provided path, there will be 1 file uploaded
2022-05-28T07:27:30.1038527Z Starting artifact upload
2022-05-28T07:27:30.1039460Z For more detailed logs during the artifact upload process, enable step-debugging: https://docs.github.com/actions/monitoring-and-troubleshooting-workflows/enabling-debug-logging#enabling-step-debug-logging
2022-05-28T07:27:30.1040534Z Artifact name is valid!
2022-05-28T07:27:30.1996201Z Container for artifact "github-pages" successfully created. Starting upload of file(s)
2022-05-28T07:27:33.7567055Z Uploaded /home/runner/work/_temp/artifact.tar (43.1%) bytes 0:8388607
2022-05-28T07:27:36.3112329Z Uploaded /home/runner/work/_temp/artifact.tar (86.3%) bytes 8388608:16777215
2022-05-28T07:27:37.2161890Z Uploaded /home/runner/work/_temp/artifact.tar (100.0%) bytes 16777216:19429445
2022-05-28T07:27:37.2169668Z Total size of all the files uploaded is 19429446 bytes
2022-05-28T07:27:37.2170166Z File upload process has finished. Finalizing the artifact upload
2022-05-28T07:27:37.2915058Z Artifact has been finalized. All files have been successfully uploaded!
2022-05-28T07:27:37.2915839Z 
2022-05-28T07:27:37.2916392Z The raw size of all the files that were specified for upload is 29593600 bytes
2022-05-28T07:27:37.2916889Z The size of all the files that were uploaded is 19429446 bytes. This takes into account any gzip compression used to reduce the upload size, time and storage
2022-05-28T07:27:37.2917157Z 
2022-05-28T07:27:37.2917754Z Note: The size of downloaded zips can differ significantly from the reported size. For more information see: https://github.com/actions/upload-artifact#zipped-artifact-downloads 
2022-05-28T07:27:37.2918101Z 
2022-05-28T07:27:37.2918314Z Artifact github-pages has been successfully uploaded!
2022-05-28T07:27:37.3084205Z Post job cleanup.
2022-05-28T07:27:37.4295540Z [command]/usr/bin/git version
2022-05-28T07:27:37.4338559Z git version 2.36.1
2022-05-28T07:27:37.4376067Z Temporarily overriding HOME='/home/runner/work/_temp/618cf347-cf40-4e89-a631-8a4dfc193fe0' before making global git config changes
2022-05-28T07:27:37.4376747Z Adding repository directory to the temporary git global config as a safe directory
2022-05-28T07:27:37.4380711Z [command]/usr/bin/git config --global --add safe.directory /home/runner/work/wahyu9kdl.github.io/wahyu9kdl.github.io
2022-05-28T07:27:37.4417784Z [command]/usr/bin/git config --local --name-only --get-regexp core\.sshCommand
2022-05-28T07:27:37.4448626Z [command]/usr/bin/git submodule foreach --recursive git config --local --name-only --get-regexp 'core\.sshCommand' && git config --local --unset-all 'core.sshCommand' || :
2022-05-28T07:27:37.4672741Z [command]/usr/bin/git config --local --name-only --get-regexp http\.https\:\/\/github\.com\/\.extraheader
2022-05-28T07:27:37.4719598Z http.https://github.com/.extraheader
2022-05-28T07:27:37.4726932Z [command]/usr/bin/git config --local --unset-all http.https://github.com/.extraheader
2022-05-28T07:27:37.4765432Z [command]/usr/bin/git submodule foreach --recursive git config --local --name-only --get-regexp 'http\.https\:\/\/github\.com\/\.extraheader' && git config --local --unset-all 'http.https://github.com/.extraheader' || :
2022-05-28T07:27:37.5209009Z Cleaning up orphan processes
