2022-05-28T07:27:29.8439139Z ##[group]Run actions/upload-pages-artifact@v0
2022-05-28T07:27:29.8439406Z with:
2022-05-28T07:27:29.8439580Z   path: ./_site
2022-05-28T07:27:29.8439781Z   retention-days: 1
2022-05-28T07:27:29.8439971Z ##[endgroup]
2022-05-28T07:27:29.8739463Z ##[group]Run tar \
2022-05-28T07:27:29.8739743Z [36;1mtar \[0m
2022-05-28T07:27:29.8739998Z [36;1m  --dereference --hard-dereference \[0m
2022-05-28T07:27:29.8740262Z [36;1m  --directory ./_site \[0m
2022-05-28T07:27:29.8740541Z [36;1m  -cvf /home/runner/work/_temp/artifact.tar \[0m
2022-05-28T07:27:29.8740807Z [36;1m  --exclude=.git \[0m
2022-05-28T07:27:29.8741005Z [36;1m  .[0m
2022-05-28T07:27:29.8794734Z shell: /usr/bin/bash --noprofile --norc -e -o pipefail {0}
2022-05-28T07:27:29.8795021Z ##[endgroup]
2022-05-28T07:27:29.8957274Z ./
2022-05-28T07:27:29.8958442Z ./HTML/
2022-05-28T07:27:29.8959142Z ./HTML/Spoiler.html
2022-05-28T07:27:29.8960162Z ./HTML/Coding.html
2022-05-28T07:27:29.8960855Z ./HTML/superrap.html
2022-05-28T07:27:29.8961888Z ./HTML/Clock.html
2022-05-28T07:27:29.8962585Z ./HTML/index.html
2022-05-28T07:27:29.8963580Z ./HTML/THEME/
2022-05-28T07:27:29.8964236Z ./HTML/THEME/AOS/
2022-05-28T07:27:29.8965243Z ./HTML/THEME/AOS/index.html
2022-05-28T07:27:29.8965941Z ./HTML/THEME/AOS/dist/
2022-05-28T07:27:29.8966951Z ./HTML/THEME/AOS/dist/css/
2022-05-28T07:27:29.8967650Z ./HTML/THEME/AOS/dist/css/style.css
2022-05-28T07:27:29.8968664Z ./HTML/THEME/AOS/src/
2022-05-28T07:27:29.8969333Z ./HTML/THEME/AOS/src/js/
2022-05-28T07:27:29.8970373Z ./HTML/THEME/AOS/src/js/scroll.js
2022-05-28T07:27:29.8971060Z ./HTML/THEME/AOS/src/sass/
2022-05-28T07:27:29.8972243Z ./HTML/THEME/AOS/src/sass/styles.scss
2022-05-28T07:27:29.8972972Z ./HTML/THEME/AOS/src/sass/style.scss
2022-05-28T07:27:29.8974265Z ./HTML/THEME/AOS/src/sass/highlight-theme.scss
2022-05-28T07:27:29.8975384Z ./HTML/THEME/AOS/img/
2022-05-28T07:27:29.8976430Z ./HTML/THEME/AOS/img/bg.jpg
2022-05-28T07:27:29.8977173Z ./HTML/THEME/AOS/img/github_octocat.png
2022-05-28T07:27:29.8978207Z ./HTML/THEME/LANDING/
2022-05-28T07:27:29.8978895Z ./HTML/THEME/LANDING/index.html
2022-05-28T07:27:29.8979929Z ./HTML/THEME/LANDING/hero.png
2022-05-28T07:27:29.8980603Z ./HTML/THEME/FOOD/
2022-05-28T07:27:29.8981596Z ./HTML/THEME/FOOD/index.html
2022-05-28T07:27:29.8982267Z ./HTML/THEME/FOOD/css/
2022-05-28T07:27:29.8983280Z ./HTML/THEME/FOOD/css/style.css
2022-05-28T07:27:29.8983944Z ./HTML/THEME/FOOD/img/
2022-05-28T07:27:29.8985064Z ./HTML/THEME/FOOD/img/food-menu6.jpg
2022-05-28T07:27:29.8986253Z ./HTML/THEME/FOOD/img/food-menu1.jpg
2022-05-28T07:27:29.8987402Z ./HTML/THEME/FOOD/img/food-menu4.jpg
2022-05-28T07:27:29.8988211Z ./HTML/THEME/FOOD/img/male-photo1.jpg
2022-05-28T07:27:29.8989345Z ./HTML/THEME/FOOD/img/restraunt-image.jpg
2022-05-28T07:27:29.8990117Z ./HTML/THEME/FOOD/img/food-menu2.jpg
2022-05-28T07:27:29.8991202Z ./HTML/THEME/FOOD/img/food-menu5.jpg
2022-05-28T07:27:29.8991879Z ./HTML/THEME/FOOD/img/food3.jpg
2022-05-28T07:27:29.8992895Z ./HTML/THEME/FOOD/img/tes.html
2022-05-28T07:27:29.8993653Z ./HTML/THEME/FOOD/img/about-photo.jpg
2022-05-28T07:27:29.8994782Z ./HTML/THEME/FOOD/img/about-img.jpg
2022-05-28T07:27:29.8998032Z ./HTML/THEME/FOOD/img/building-image.jpg
2022-05-28T07:27:29.9000995Z ./HTML/THEME/FOOD/img/header-image2.jpg
2022-05-28T07:27:29.9012829Z ./HTML/THEME/FOOD/img/food-menu3.jpg
2022-05-28T07:27:29.9013906Z ./HTML/THEME/FOOD/img/food1.jpg
2022-05-28T07:27:29.9017407Z ./HTML/THEME/FOOD/img/male-photo3.jpg
2022-05-28T07:27:29.9018894Z ./HTML/THEME/FOOD/img/male-photo2.jpg
2022-05-28T07:27:29.9019624Z ./HTML/THEME/FOOD/img/food2.jpg
2022-05-28T07:27:29.9023865Z ./HTML/THEME/LANDING-PAGE/
2022-05-28T07:27:29.9024985Z ./HTML/THEME/LANDING-PAGE/index.html
2022-05-28T07:27:29.9025762Z ./HTML/THEME/LANDING-PAGE/assets/
2022-05-28T07:27:29.9026852Z ./HTML/THEME/LANDING-PAGE/assets/js/
2022-05-28T07:27:29.9027712Z ./HTML/THEME/LANDING-PAGE/assets/js/jquery.singlePageNav.min.js
2022-05-28T07:27:29.9029220Z ./HTML/THEME/LANDING-PAGE/assets/js/jquery.js
2022-05-28T07:27:29.9030291Z ./HTML/THEME/LANDING-PAGE/assets/js/bootstrap.min.js
2022-05-28T07:27:29.9031574Z ./HTML/THEME/LANDING-PAGE/assets/js/wow.min.js
2022-05-28T07:27:29.9032367Z ./HTML/THEME/LANDING-PAGE/assets/css/
2022-05-28T07:27:29.9033512Z ./HTML/THEME/LANDING-PAGE/assets/css/animate.min.css
2022-05-28T07:27:29.9034338Z ./HTML/THEME/LANDING-PAGE/assets/css/bootstrap.min.css
2022-05-28T07:27:29.9035532Z ./HTML/THEME/LANDING-PAGE/assets/css/font-awesome.min.css
2022-05-28T07:27:29.9036348Z ./HTML/THEME/LANDING-PAGE/assets/css/style.css
2022-05-28T07:27:29.9037494Z ./HTML/THEME/LANDING-PAGE/assets/img/
2022-05-28T07:27:29.9038289Z ./HTML/THEME/LANDING-PAGE/assets/img/contact-bg.jpeg
2022-05-28T07:27:29.9039773Z ./HTML/THEME/LANDING-PAGE/assets/img/desktop.jpeg
2022-05-28T07:27:29.9040665Z ./HTML/THEME/LANDING-PAGE/assets/img/home-bg.jpg
2022-05-28T07:27:29.9042625Z ./HTML/THEME/LANDING-PAGE/assets/img/thumb.jpg
2022-05-28T07:27:29.9043773Z ./HTML/THEME/LANDING-PAGE/assets/img/software.jpeg
2022-05-28T07:27:29.9045543Z ./HTML/THEME/LANDING-PAGE/assets/img/screenshot.jpg
2022-05-28T07:27:29.9048846Z ./HTML/THEME/LANDING-PAGE/assets/fonts/
2022-05-28T07:27:29.9050338Z ./HTML/THEME/LANDING-PAGE/assets/fonts/fontawesome-webfont.svg
2022-05-28T07:27:29.9052641Z ./HTML/THEME/LANDING-PAGE/assets/fonts/fontawesome-webfont.ttf
2022-05-28T07:27:29.9054257Z ./HTML/THEME/LANDING-PAGE/assets/fonts/fontawesome-webfont.eot
2022-05-28T07:27:29.9055462Z ./HTML/THEME/LANDING-PAGE/assets/fonts/fontawesome-webfont.woff2
2022-05-28T07:27:29.9056035Z ./HTML/THEME/LANDING-PAGE/assets/fonts/fontawesome-webfont.woff
2022-05-28T07:27:29.9057236Z ./HTML/THEME/LANDING-PAGE/assets/fonts/FontAwesome.otf
2022-05-28T07:27:29.9058749Z ./HTML/ViewSource.html
2022-05-28T07:27:29.9060218Z ./HTML/htmltemplategenerator-gh-pages/
2022-05-28T07:27:29.9061061Z ./HTML/htmltemplategenerator-gh-pages/LICENSE
2022-05-28T07:27:29.9061991Z ./HTML/htmltemplategenerator-gh-pages/index.html
2022-05-28T07:27:29.9062540Z ./HTML/htmltemplategenerator-gh-pages/favicon.png
2022-05-28T07:27:29.9063411Z ./HTML/htmltemplategenerator-gh-pages/js/
2022-05-28T07:27:29.9063942Z ./HTML/htmltemplategenerator-gh-pages/js/htmltempgen.min.js
2022-05-28T07:27:29.9064805Z ./HTML/htmltemplategenerator-gh-pages/js/htmltempgen.js
2022-05-28T07:27:29.9065314Z ./HTML/htmltemplategenerator-gh-pages/css/
2022-05-28T07:27:29.9066186Z ./HTML/htmltemplategenerator-gh-pages/css/htmltempgen.min.css
2022-05-28T07:27:29.9066738Z ./HTML/htmltemplategenerator-gh-pages/css/htmltempgen.css
2022-05-28T07:27:29.9067583Z ./HTML/htmltemplategenerator-gh-pages/README.md
2022-05-28T07:27:29.9068106Z ./HTML/htmltemplategenerator-gh-pages/scss/
2022-05-28T07:27:29.9068959Z ./HTML/htmltemplategenerator-gh-pages/scss/htmltempgen.scss
2022-05-28T07:27:29.9069357Z ./HTML/will.html
2022-05-28T07:27:29.9069997Z ./HTML/TOOLS/
2022-05-28T07:27:29.9070332Z ./HTML/TOOLS/QR.html
2022-05-28T07:27:29.9070988Z ./HTML/TOOLS/miniPaint.html
2022-05-28T07:27:29.9071352Z ./HTML/TOOLS/Markdown.html
2022-05-28T07:27:29.9072365Z ./HTML/TOOLS/image2cpp.html
2022-05-28T07:27:29.9072716Z ./HTML/TOOLS/qr.html
2022-05-28T07:27:29.9073457Z ./HTML/TOOLS/visitor-badge.html
2022-05-28T07:27:29.9073856Z ./HTML/TOOLS/Markdown/
2022-05-28T07:27:29.9074605Z ./HTML/TOOLS/Markdown/markdown-css.html
2022-05-28T07:27:29.9074988Z ./HTML/TOOLS/Markdown/index.html
2022-05-28T07:27:29.9075682Z ./HTML/TOOLS/Markdown/index.md
2022-05-28T07:27:29.9076056Z ./HTML/TOOLS/COLLOR/
2022-05-28T07:27:29.9076712Z ./HTML/TOOLS/COLLOR/PALATTE.html
2022-05-28T07:27:29.9077099Z ./HTML/TOOLS/COLLOR/ANGULAR.html
2022-05-28T07:27:29.9077782Z ./HTML/TOOLS/Calculator.html
2022-05-28T07:27:29.9078151Z ./wahyu9kdl.xml
2022-05-28T07:27:29.9078781Z ./index.txt
2022-05-28T07:27:29.9079127Z ./app.ads.txt
2022-05-28T07:27:29.9079764Z ./SECURITY.md
2022-05-28T07:27:29.9080070Z ./infolink/
2022-05-28T07:27:29.9080720Z ./infolink/drupal7/
2022-05-28T07:27:29.9081104Z ./infolink/drupal7/Infolinks_Plugin/
2022-05-28T07:27:29.9081839Z ./infolink/drupal7/Infolinks_Plugin/infolinks.info
2022-05-28T07:27:29.9082769Z ./infolink/drupal7/Infolinks_Plugin/infolinks.install
2022-05-28T07:27:29.9083652Z ./infolink/drupal7/Infolinks_Plugin/infolinks.css
2022-05-28T07:27:29.9084090Z ./infolink/drupal7/Infolinks_Plugin/infolinks.module
2022-05-28T07:27:29.9084825Z ./infolink/drupal7/Infolinks_Plugin/Bubble.gif
2022-05-28T07:27:29.9085249Z ./infolink/drupal7/Infolinks_Plugin/infolink.png
2022-05-28T07:27:29.9085972Z ./infolink/drupal5/
2022-05-28T07:27:29.9086341Z ./infolink/drupal5/Infolinks_Plugin/
2022-05-28T07:27:29.9087062Z ./infolink/drupal5/Infolinks_Plugin/infolinks.info
2022-05-28T07:27:29.9087494Z ./infolink/drupal5/Infolinks_Plugin/jquery.js
2022-05-28T07:27:29.9088228Z ./infolink/drupal5/Infolinks_Plugin/infolinks.install
2022-05-28T07:27:29.9088814Z ./infolink/drupal5/Infolinks_Plugin/nfolinks.install
2022-05-28T07:27:29.9089655Z ./infolink/drupal5/Infolinks_Plugin/infolinks.module
2022-05-28T07:27:29.9090145Z ./infolink/drupal5/Infolinks_Plugin/Bubble.gif
2022-05-28T07:27:29.9090914Z ./infolink/drupal5/Infolinks_Plugin/infolink.png
2022-05-28T07:27:29.9091577Z ./stripe_backup_code.txt
2022-05-28T07:27:29.9092384Z ./package/
2022-05-28T07:27:29.9092783Z ./package/gitlab
2022-05-28T07:27:29.9093825Z ./java/
2022-05-28T07:27:29.9094231Z ./java/package.java
2022-05-28T07:27:29.9095021Z ./SECURITY.html
2022-05-28T07:27:29.9095412Z ./404.html
2022-05-28T07:27:29.9096146Z ./react/
2022-05-28T07:27:29.9096539Z ./react/SECURITY.md
2022-05-28T07:27:29.9097226Z ./react/SECURITY.html
2022-05-28T07:27:29.9097673Z ./react/yarn.lock
2022-05-28T07:27:29.9098412Z ./react/LICENSE
2022-05-28T07:27:29.9098811Z ./react/index.html
2022-05-28T07:27:29.9099489Z ./react/notes.md
2022-05-28T07:27:29.9099875Z ./react/src/
2022-05-28T07:27:29.9100780Z ./react/src/media-templates.sketch
2022-05-28T07:27:29.9101200Z ./react/src/index.js
2022-05-28T07:27:29.9101945Z ./react/src/styles.css
2022-05-28T07:27:29.9102391Z ./react/README.md
2022-05-28T07:27:29.9103452Z ./react/webpack.config.js
2022-05-28T07:27:29.9104179Z ./react/package.json
2022-05-28T07:27:29.9104928Z ./react/notes.html
2022-05-28T07:27:29.9105330Z ./react/install.json
2022-05-28T07:27:29.9105996Z ./ads/
2022-05-28T07:27:29.9106467Z ./ads/f.txt
2022-05-28T07:27:29.9107184Z ./ads/amp.js
2022-05-28T07:27:29.9107530Z ./ads/ads.txt
2022-05-28T07:27:29.9108337Z ./dmca-validation.html
2022-05-28T07:27:29.9108823Z ./LICENSE
2022-05-28T07:27:29.9109561Z ./google6b7c2314bcdc7981.html
2022-05-28T07:27:29.9109934Z ./ads.txt
2022-05-28T07:27:29.9110688Z ./privasy.html
2022-05-28T07:27:29.9111079Z ./app.js
2022-05-28T07:27:29.9111840Z ./Aw-icon.png
2022-05-28T07:27:29.9112243Z ./.htaccess
2022-05-28T07:27:29.9113073Z ./robots.txt
2022-05-28T07:27:29.9113435Z ./Dockerfile
2022-05-28T07:27:29.9118844Z ./FUNDING.yml
2022-05-28T07:27:29.9120230Z ./index.html
2022-05-28T07:27:29.9120634Z ./sitemap/
2022-05-28T07:27:29.9121333Z ./sitemap/sitemap_generator.rb
2022-05-28T07:27:29.9121775Z ./sitemap/urllist.txt
2022-05-28T07:27:29.9122569Z ./sitemap/sitemap.html
2022-05-28T07:27:29.9122954Z ./sitemap/sitemap.xml
2022-05-28T07:27:29.9123688Z ./sitemap.xml
2022-05-28T07:27:29.9124073Z ./js/
2022-05-28T07:27:29.9124906Z ./js/bubble-shooter.js
2022-05-28T07:27:29.9125314Z ./js/Sprite.js
2022-05-28T07:27:29.9126046Z ./js/direct.js
2022-05-28T07:27:29.9126442Z ./js/routines.js
2022-05-28T07:27:29.9127111Z ./js/lazyload.js
2022-05-28T07:27:29.9127525Z ./js/jetfrom.js
2022-05-28T07:27:29.9128649Z ./js/Celula.js
2022-05-28T07:27:29.9129016Z ./vue/
2022-05-28T07:27:29.9129739Z ./vue/vue.config.js
2022-05-28T07:27:29.9130136Z ./vue/index.html
2022-05-28T07:27:29.9130934Z ./vue/babel.config.js
2022-05-28T07:27:29.9131419Z ./vue/public/
2022-05-28T07:27:29.9132188Z ./vue/public/login.html
2022-05-28T07:27:29.9132612Z ./vue/public/logo.png
2022-05-28T07:27:29.9133307Z ./vue/public/index.html
2022-05-28T07:27:29.9133751Z ./vue/src/
2022-05-28T07:27:29.9134464Z ./vue/src/components/
2022-05-28T07:27:29.9134886Z ./vue/src/components/Nav.vue
2022-05-28T07:27:29.9135610Z ./vue/src/components/HelloWorld.vue
2022-05-28T07:27:29.9136252Z ./vue/src/components/Footer.vue
2022-05-28T07:27:29.9137113Z ./vue/src/components/Profile.vue
2022-05-28T07:27:29.9137500Z ./vue/src/App.vue
2022-05-28T07:27:29.9138221Z ./vue/src/views/
2022-05-28T07:27:29.9138954Z ./vue/src/views/home.vue
2022-05-28T07:27:29.9139713Z ./vue/src/router/
2022-05-28T07:27:29.9140133Z ./vue/src/router/index.js
2022-05-28T07:27:29.9140860Z ./vue/src/main.js
2022-05-28T07:27:29.9141270Z ./vue/README.md
2022-05-28T07:27:29.9141947Z ./vue/deploy.sh
2022-05-28T07:27:29.9142379Z ./console.txt
2022-05-28T07:27:29.9143082Z ./DASHBOARD/
2022-05-28T07:27:29.9143477Z ./DASHBOARD/google6b7c2314bcdc7981.html
2022-05-28T07:27:29.9144238Z ./DASHBOARD/BLOOG/
2022-05-28T07:27:29.9144737Z ./DASHBOARD/BLOOG/grds.html
2022-05-28T07:27:29.9145612Z ./DASHBOARD/BLOOG/popular-site/
2022-05-28T07:27:29.9146116Z ./DASHBOARD/BLOOG/popular-site/Google.com.txt
2022-05-28T07:27:29.9147025Z ./DASHBOARD/BLOOG/popular-site/Reddit.com.txt
2022-05-28T07:27:29.9147591Z ./DASHBOARD/BLOOG/popular-site/Dropbox.com.txt
2022-05-28T07:27:29.9148458Z ./DASHBOARD/BLOOG/popular-site/Ebay.com.txt
2022-05-28T07:27:29.9149010Z ./DASHBOARD/BLOOG/popular-site/PayPal.com.txt
2022-05-28T07:27:29.9150323Z ./DASHBOARD/BLOOG/popular-site/Wikipedia.org.txt
2022-05-28T07:27:29.9150887Z ./DASHBOARD/BLOOG/popular-site/CNN.com.txt
2022-05-28T07:27:29.9151738Z ./DASHBOARD/BLOOG/popular-site/Pinterest.com.txt
2022-05-28T07:27:29.9152345Z ./DASHBOARD/BLOOG/popular-site/Ubnt.com.txt
2022-05-28T07:27:29.9153245Z ./DASHBOARD/BLOOG/popular-site/Facebook.com.txt
2022-05-28T07:27:29.9153808Z ./DASHBOARD/BLOOG/popular-site/WhatsApp.com.txt
2022-05-28T07:27:29.9154633Z ./DASHBOARD/BLOOG/popular-site/Amazon.com.txt
2022-05-28T07:27:29.9155238Z ./DASHBOARD/BLOOG/popular-site/LICENSE
2022-05-28T07:27:29.9156132Z ./DASHBOARD/BLOOG/popular-site/Instagram.com.txt
2022-05-28T07:27:29.9156648Z ./DASHBOARD/BLOOG/popular-site/Apple.com.txt
2022-05-28T07:27:29.9157524Z ./DASHBOARD/BLOOG/popular-site/index.html
2022-05-28T07:27:29.9158121Z ./DASHBOARD/BLOOG/popular-site/LinkedIn.com.txt
2022-05-28T07:27:29.9159034Z ./DASHBOARD/BLOOG/popular-site/YouTube.com.txt
2022-05-28T07:27:29.9159542Z ./DASHBOARD/BLOOG/popular-site/Office.com.txt
2022-05-28T07:27:29.9160815Z ./DASHBOARD/BLOOG/popular-site/Twitter.com.txt
2022-05-28T07:27:29.9161730Z ./DASHBOARD/BLOOG/popular-site/README.md
2022-05-28T07:27:29.9163166Z ./DASHBOARD/BLOOG/popular-site/Bing.com.txt
2022-05-28T07:27:29.9163549Z ./DASHBOARD/BLOOG/popular-site/GoDaddy.com.txt
2022-05-28T07:27:29.9163955Z ./DASHBOARD/BLOOG/popular-site/BBC.com.txt
2022-05-28T07:27:29.9164404Z ./DASHBOARD/BLOOG/popular-site/Microsoft.com.txt
2022-05-28T07:27:29.9164824Z ./DASHBOARD/BLOOG/popular-site/Netflix.com.txt
2022-05-28T07:27:29.9165189Z ./DASHBOARD/BLOOG/popular-site/Yahoo.com.txt
2022-05-28T07:27:29.9165586Z ./DASHBOARD/BLOOG/popular-site/Dell.com.txt
2022-05-28T07:27:29.9165973Z ./DASHBOARD/BLOOG/popular-site/Sap.com.txt
2022-05-28T07:27:29.9166340Z ./DASHBOARD/BLOOG/popular-site/Uber.com.txt
2022-05-28T07:27:29.9166653Z ./DASHBOARD/BLOOG/index.html
2022-05-28T07:27:29.9166965Z ./DASHBOARD/BLOOG/index.md
2022-05-28T07:27:29.9167270Z ./DASHBOARD/BLOOG/whois-servers/
2022-05-28T07:27:29.9167648Z ./DASHBOARD/BLOOG/whois-servers/list.txt
2022-05-28T07:27:29.9168217Z ./DASHBOARD/BLOOG/whois-servers/composer.json
2022-05-28T07:27:29.9168559Z ./DASHBOARD/BLOOG/whois-servers/LICENSE
2022-05-28T07:27:29.9168941Z ./DASHBOARD/BLOOG/whois-servers/index.html
2022-05-28T07:27:29.9169330Z ./DASHBOARD/BLOOG/whois-servers/README.md
2022-05-28T07:27:29.9169693Z ./DASHBOARD/BLOOG/whois-servers/list.json
2022-05-28T07:27:29.9170077Z ./DASHBOARD/BLOOG/ssl-cert-info/
2022-05-28T07:27:29.9170453Z ./DASHBOARD/BLOOG/ssl-cert-info/index.js
2022-05-28T07:27:29.9171499Z ./DASHBOARD/BLOOG/ssl-cert-info/LICENSE
2022-05-28T07:27:29.9171928Z ./DASHBOARD/BLOOG/ssl-cert-info/index.html
2022-05-28T07:27:29.9172346Z ./DASHBOARD/BLOOG/ssl-cert-info/README.md
2022-05-28T07:27:29.9172739Z ./DASHBOARD/BLOOG/ssl-cert-info/package.json
2022-05-28T07:27:29.9173147Z ./DASHBOARD/PROJECTS/
2022-05-28T07:27:29.9173506Z ./DASHBOARD/PROJECTS/ANIMATION/
2022-05-28T07:27:29.9173874Z ./DASHBOARD/PROJECTS/ANIMATION/CssAnimasi.html
2022-05-28T07:27:29.9174180Z ./DASHBOARD/PROJECTS/ANIMATION/Sholawat.html
2022-05-28T07:27:29.9174524Z ./DASHBOARD/PROJECTS/ANIMATION/Canvas.html
2022-05-28T07:27:29.9174848Z ./DASHBOARD/PROJECTS/ANIMATION/TEXT.html
2022-05-28T07:27:29.9175152Z ./DASHBOARD/PROJECTS/ANIMATION/opencollective.md
2022-05-28T07:27:29.9175532Z ./DASHBOARD/PROJECTS/ANIMATION/Minesweeper.html
2022-05-28T07:27:29.9175879Z ./DASHBOARD/PROJECTS/ANIMATION/puzzle.html
2022-05-28T07:27:29.9176177Z ./DASHBOARD/PROJECTS/ANIMATION/Flappy.html
2022-05-28T07:27:29.9176504Z ./DASHBOARD/PROJECTS/ANIMATION/Ball.html
2022-05-28T07:27:29.9176872Z ./DASHBOARD/PROJECTS/ANIMATION/opencollective.html
2022-05-28T07:27:29.9177220Z ./DASHBOARD/PROJECTS/ANIMATION/background.html
2022-05-28T07:27:29.9177660Z ./DASHBOARD/PROJECTS/ANIMATION/Generator-Color.html
2022-05-28T07:27:29.9178022Z ./DASHBOARD/PROJECTS/ANIMATION/CATUR.html
2022-05-28T07:27:29.9178370Z ./DASHBOARD/PROJECTS/ANIMATION/Hoverboard.html
2022-05-28T07:27:29.9178670Z ./DASHBOARD/PROJECTS/ANIMATION/Bubble.html
2022-05-28T07:27:29.9179038Z ./DASHBOARD/PROJECTS/ANIMATION/index.html
2022-05-28T07:27:29.9179386Z ./DASHBOARD/PROJECTS/ANIMATION/Navigation.html
2022-05-28T07:27:29.9179676Z ./DASHBOARD/PROJECTS/ANIMATION/FADE.html
2022-05-28T07:27:29.9180108Z ./DASHBOARD/PROJECTS/ANIMATION/Expanding-Cards-Github.html
2022-05-28T07:27:29.9180575Z ./DASHBOARD/PROJECTS/ANIMATION/RGB-COLOR.html
2022-05-28T07:27:29.9180889Z ./DASHBOARD/PROJECTS/ANIMATION/Cradle.html
2022-05-28T07:27:29.9181232Z ./DASHBOARD/PROJECTS/ANIMATION/TicTacToe.html
2022-05-28T07:27:29.9181905Z ./DASHBOARD/PROJECTS/ANIMATION/Ajax3D.html
2022-05-28T07:27:29.9182221Z ./DASHBOARD/PROJECTS/ANIMATION/GERHANA.html
2022-05-28T07:27:29.9182698Z ./DASHBOARD/PROJECTS/ANIMATION/NAVI-Animation.html
2022-05-28T07:27:29.9183037Z ./DASHBOARD/PROJECTS/ANIMATION/box.html
2022-05-28T07:27:29.9183328Z ./DASHBOARD/PROJECTS/ANIMATION/Tetris.html
2022-05-28T07:27:29.9184119Z ./DASHBOARD/PROJECTS/wahyu9kdl.github.io_Config.php at main · wahyu9kdl_wahyu9kdl.github.io
2022-05-28T07:27:29.9184551Z ./DASHBOARD/PROJECTS/YOUTUBE/
2022-05-28T07:27:29.9184890Z ./DASHBOARD/PROJECTS/YOUTUBE/jyl.html
2022-05-28T07:27:29.9185171Z ./DASHBOARD/PROJECTS/YOUTUBE/loop.html
2022-05-28T07:27:29.9185491Z ./DASHBOARD/PROJECTS/PAGE/
2022-05-28T07:27:29.9185809Z ./DASHBOARD/PROJECTS/PAGE/protector.html
2022-05-28T07:27:29.9186106Z ./DASHBOARD/PROJECTS/PAGE/AWSPOTIFY.html
2022-05-28T07:27:29.9186488Z ./DASHBOARD/PROJECTS/PAGE/kelas.sekolahpintar.html
2022-05-28T07:27:29.9186854Z ./DASHBOARD/PROJECTS/PAGE/Speardsheet.csv
2022-05-28T07:27:29.9187143Z ./DASHBOARD/PROJECTS/PAGE/IFRAME.html
2022-05-28T07:27:29.9187465Z ./DASHBOARD/PROJECTS/PAGE/PIN.html
2022-05-28T07:27:29.9187810Z ./DASHBOARD/PROJECTS/PAGE/Awmedia.html
2022-05-28T07:27:29.9188180Z ./DASHBOARD/PROJECTS/archers-island-master/
2022-05-28T07:27:29.9188645Z ./DASHBOARD/PROJECTS/archers-island-master/index.html
2022-05-28T07:27:29.9189087Z ./DASHBOARD/PROJECTS/archers-island-master/js/
2022-05-28T07:27:29.9189469Z ./DASHBOARD/PROJECTS/archers-island-master/js/goal.js
2022-05-28T07:27:29.9189946Z ./DASHBOARD/PROJECTS/archers-island-master/js/projectile.js
2022-05-28T07:27:29.9190414Z ./DASHBOARD/PROJECTS/archers-island-master/js/app.js
2022-05-28T07:27:29.9190853Z ./DASHBOARD/PROJECTS/archers-island-master/js/modal.js
2022-05-28T07:27:29.9191252Z ./DASHBOARD/PROJECTS/archers-island-master/js/screen.js
2022-05-28T07:27:29.9191723Z ./DASHBOARD/PROJECTS/archers-island-master/js/collision.js
2022-05-28T07:27:29.9192530Z ./DASHBOARD/PROJECTS/archers-island-master/js/player.js
2022-05-28T07:27:29.9192962Z ./DASHBOARD/PROJECTS/archers-island-master/js/game.js
2022-05-28T07:27:29.9193406Z ./DASHBOARD/PROJECTS/archers-island-master/js/obstacle.js
2022-05-28T07:27:29.9193851Z ./DASHBOARD/PROJECTS/archers-island-master/js/dom.js
2022-05-28T07:27:29.9194353Z ./DASHBOARD/PROJECTS/archers-island-master/css/
2022-05-28T07:27:29.9194885Z ./DASHBOARD/PROJECTS/archers-island-master/css/style.css
2022-05-28T07:27:29.9195318Z ./DASHBOARD/PROJECTS/archers-island-master/README.md
2022-05-28T07:27:29.9195700Z ./DASHBOARD/PROJECTS/archers-island-master/img/
2022-05-28T07:27:29.9196171Z ./DASHBOARD/PROJECTS/archers-island-master/img/aw_islands.jpg
2022-05-28T07:27:29.9196641Z ./DASHBOARD/PROJECTS/archers-island-master/img/arrow.png
2022-05-28T07:27:29.9197106Z ./DASHBOARD/PROJECTS/archers-island-master/img/title-screen.png
2022-05-28T07:27:29.9197537Z ./DASHBOARD/PROJECTS/archers-island-master/img/goal-hit.png
2022-05-28T07:27:29.9197982Z ./DASHBOARD/PROJECTS/archers-island-master/img/goal.png
2022-05-28T07:27:29.9198449Z ./DASHBOARD/PROJECTS/archers-island-master/img/archer-1.png
2022-05-28T07:27:29.9198889Z ./DASHBOARD/PROJECTS/archers-island-master/img/crab-2.png
2022-05-28T07:27:29.9199354Z ./DASHBOARD/PROJECTS/archers-island-master/img/archer-2.png
2022-05-28T07:27:29.9199805Z ./DASHBOARD/PROJECTS/archers-island-master/img/fish-2.png
2022-05-28T07:27:29.9200240Z ./DASHBOARD/PROJECTS/archers-island-master/img/bg-fixed.png
2022-05-28T07:27:29.9200683Z ./DASHBOARD/PROJECTS/archers-island-master/favicon.ico
2022-05-28T07:27:29.9202121Z ./DASHBOARD/PROJECTS/FACEBOOK/
2022-05-28T07:27:29.9202396Z ./DASHBOARD/PROJECTS/FACEBOOK/like.py
2022-05-28T07:27:29.9202773Z ./DASHBOARD/PROJECTS/FACEBOOK/Awfanspage.html
2022-05-28T07:27:29.9203411Z ./DASHBOARD/PROJECTS/SERVICE/
2022-05-28T07:27:29.9203686Z ./DASHBOARD/PROJECTS/SERVICE/site123.html
2022-05-28T07:27:29.9204005Z ./DASHBOARD/PROJECTS/SERVICE/adfly.html
2022-05-28T07:27:29.9204377Z ./DASHBOARD/PROJECTS/SERVICE/exabytes.html
2022-05-28T07:27:29.9204773Z ./DASHBOARD/PROJECTS/SERVICE/asia-cloudns.html
2022-05-28T07:27:29.9205124Z ./DASHBOARD/PROJECTS/SERVICE/seobility.html
2022-05-28T07:27:29.9205474Z ./DASHBOARD/PROJECTS/SERVICE/niagahoster.html
2022-05-28T07:27:29.9205750Z ./DASHBOARD/PROJECTS/MIKROVER/
2022-05-28T07:27:29.9206114Z ./DASHBOARD/PROJECTS/MIKROVER/HOSTING.html
2022-05-28T07:27:29.9206521Z ./DASHBOARD/PROJECTS/MIKROVER/Mikrotik-DNS.html
2022-05-28T07:27:29.9207180Z ./DASHBOARD/PROJECTS/MIKROVER/Ping.html
2022-05-28T07:27:29.9207525Z ./DASHBOARD/PROJECTS/MIKROVER/Excample.txt
2022-05-28T07:27:29.9207952Z ./DASHBOARD/PROJECTS/MIKROVER/CHECK-DNS.html
2022-05-28T07:27:29.9208309Z ./DASHBOARD/PROJECTS/TWITTER/
2022-05-28T07:27:29.9208578Z ./DASHBOARD/PROJECTS/TWITTER/update.html
2022-05-28T07:27:29.9208878Z ./DASHBOARD/ADMIN/
2022-05-28T07:27:29.9209159Z ./DASHBOARD/ADMIN/daftar.php
2022-05-28T07:27:29.9209465Z ./DASHBOARD/ADMIN/Baca.txt
2022-05-28T07:27:29.9209772Z ./DASHBOARD/ADMIN/user.sql
2022-05-28T07:27:29.9210040Z ./DASHBOARD/ADMIN/js/
2022-05-28T07:27:29.9210282Z ./DASHBOARD/ADMIN/js/script.js
2022-05-28T07:27:29.9210561Z ./DASHBOARD/ADMIN/user.php
2022-05-28T07:27:29.9210877Z ./DASHBOARD/ADMIN/LOGIN.html
2022-05-28T07:27:29.9211133Z ./DASHBOARD/ADMIN/akunuser.php
2022-05-28T07:27:29.9211506Z ./DASHBOARD/ADMIN/index.php
2022-05-28T07:27:29.9211858Z ./DASHBOARD/ADMIN/style.css
2022-05-28T07:27:29.9212111Z ./DASHBOARD/index.html
2022-05-28T07:27:29.9212550Z ./DASHBOARD/user_archive-wahyu9kdl-220330-022726-3545/
2022-05-28T07:27:29.9213024Z ./DASHBOARD/user_archive-wahyu9kdl-220330-022726-3545/visits.csv
2022-05-28T07:27:29.9213461Z ./DASHBOARD/user_archive-wahyu9kdl-220330-022726-3545/likes.csv
2022-05-28T07:27:29.9214277Z ./DASHBOARD/user_archive-wahyu9kdl-220330-022726-3545/queued_posts.csv
2022-05-28T07:27:29.9214789Z ./DASHBOARD/user_archive-wahyu9kdl-220330-022726-3545/bookmarks.csv
2022-05-28T07:27:29.9215259Z ./DASHBOARD/user_archive-wahyu9kdl-220330-022726-3545/badges.csv
2022-05-28T07:27:29.9215716Z ./DASHBOARD/user_archive-wahyu9kdl-220330-022726-3545/index.html
2022-05-28T07:27:29.9216219Z ./DASHBOARD/user_archive-wahyu9kdl-220330-022726-3545/preferences.json
2022-05-28T07:27:29.9216719Z ./DASHBOARD/user_archive-wahyu9kdl-220330-022726-3545/auth_token_logs.csv
2022-05-28T07:27:29.9217158Z ./DASHBOARD/user_archive-wahyu9kdl-220330-022726-3545/flags.csv
2022-05-28T07:27:29.9217842Z ./DASHBOARD/user_archive-wahyu9kdl-220330-022726-3545/auth_tokens.csv
2022-05-28T07:27:29.9218371Z ./DASHBOARD/user_archive-wahyu9kdl-220330-022726-3545/category_preferences.csv
2022-05-28T07:27:29.9218833Z ./DASHBOARD/user_archive-wahyu9kdl-220330-022726-3545/user_archive.csv
2022-05-28T07:27:29.9219175Z ./DASHBOARD/TEMPLATES/
2022-05-28T07:27:29.9219492Z ./DASHBOARD/TEMPLATES/Movie.html
2022-05-28T07:27:29.9219763Z ./DASHBOARD/cloudflareaccess.html
2022-05-28T07:27:29.9220070Z ./DASHBOARD/LOG.html
2022-05-28T07:27:29.9220332Z ./DASHBOARD/TOOLS/
2022-05-28T07:27:29.9220562Z ./DASHBOARD/TOOLS/TTS.html
2022-05-28T07:27:29.9220874Z ./DASHBOARD/TOOLS/REFRESH.html
2022-05-28T07:27:29.9221181Z ./DASHBOARD/TOOLS/ONLINE/
2022-05-28T07:27:29.9221501Z ./DASHBOARD/TOOLS/ONLINE/sha512_256_checksum.html
2022-05-28T07:27:29.9221805Z ./DASHBOARD/TOOLS/ONLINE/url_decode.html
2022-05-28T07:27:29.9222132Z ./DASHBOARD/TOOLS/ONLINE/sha512_224_file_hash.html
2022-05-28T07:27:29.9222505Z ./DASHBOARD/TOOLS/ONLINE/crc16.html
2022-05-28T07:27:29.9222793Z ./DASHBOARD/TOOLS/ONLINE/md5_checksum.html
2022-05-28T07:27:29.9223119Z ./DASHBOARD/TOOLS/ONLINE/base32_decode.html
2022-05-28T07:27:29.9223451Z ./DASHBOARD/TOOLS/ONLINE/html_encode.html
2022-05-28T07:27:29.9223716Z ./DASHBOARD/TOOLS/ONLINE/md4.html
2022-05-28T07:27:29.9224072Z ./DASHBOARD/TOOLS/ONLINE/sha384_checksum.html
2022-05-28T07:27:29.9224681Z ./DASHBOARD/TOOLS/ONLINE/crc32.html
2022-05-28T07:27:29.9224973Z ./DASHBOARD/TOOLS/ONLINE/keccak_512.html
2022-05-28T07:27:29.9225314Z ./DASHBOARD/TOOLS/ONLINE/base64_encode_file.html
2022-05-28T07:27:29.9225684Z ./DASHBOARD/TOOLS/ONLINE/sha512_checksum.html
2022-05-28T07:27:29.9225980Z ./DASHBOARD/TOOLS/ONLINE/base32_decode_file.html
2022-05-28T07:27:29.9226337Z ./DASHBOARD/TOOLS/ONLINE/crc32_checksum.html
2022-05-28T07:27:29.9226679Z ./DASHBOARD/TOOLS/ONLINE/keccak_384_checksum.html
2022-05-28T07:27:29.9227007Z ./DASHBOARD/TOOLS/ONLINE/sha256.html
2022-05-28T07:27:29.9227299Z ./DASHBOARD/TOOLS/ONLINE/md5.html
2022-05-28T07:27:29.9227619Z ./DASHBOARD/TOOLS/ONLINE/sha3_384.html
2022-05-28T07:27:29.9227938Z ./DASHBOARD/TOOLS/ONLINE/keccak_256.html
2022-05-28T07:27:29.9228217Z ./DASHBOARD/TOOLS/ONLINE/sha512_256.html
2022-05-28T07:27:29.9228550Z ./DASHBOARD/TOOLS/ONLINE/syntax_highlight.html
2022-05-28T07:27:29.9228906Z ./DASHBOARD/TOOLS/ONLINE/keccak_384.html
2022-05-28T07:27:29.9229187Z ./DASHBOARD/TOOLS/ONLINE/crc16_checksum.html
2022-05-28T07:27:29.9229523Z ./DASHBOARD/TOOLS/ONLINE/shake_128_checksum.html
2022-05-28T07:27:29.9229850Z ./DASHBOARD/TOOLS/ONLINE/md2_file_hash.html
2022-05-28T07:27:29.9230144Z ./DASHBOARD/TOOLS/ONLINE/base64_decode_file.html
2022-05-28T07:27:29.9230508Z ./DASHBOARD/TOOLS/ONLINE/sha384_file_hash.html
2022-05-28T07:27:29.9230838Z ./DASHBOARD/TOOLS/ONLINE/shake_256_checksum.html
2022-05-28T07:27:29.9231129Z ./DASHBOARD/TOOLS/ONLINE/base32_encode_file.html
2022-05-28T07:27:29.9231443Z ./DASHBOARD/TOOLS/ONLINE/sha384.html
2022-05-28T07:27:29.9231784Z ./DASHBOARD/TOOLS/ONLINE/sha512.html
2022-05-28T07:27:29.9232047Z ./DASHBOARD/TOOLS/ONLINE/robots.txt
2022-05-28T07:27:29.9232348Z ./DASHBOARD/TOOLS/ONLINE/index.html
2022-05-28T07:27:29.9232667Z ./DASHBOARD/TOOLS/ONLINE/sha1_checksum.html
2022-05-28T07:27:29.9232995Z ./DASHBOARD/TOOLS/ONLINE/sha3_512.html
2022-05-28T07:27:29.9233300Z ./DASHBOARD/TOOLS/ONLINE/sha3_512_checksum.html
2022-05-28T07:27:29.9233623Z ./DASHBOARD/TOOLS/ONLINE/base64_encode.html
2022-05-28T07:27:29.9233956Z ./DASHBOARD/TOOLS/ONLINE/sha3_256_checksum.html
2022-05-28T07:27:29.9234262Z ./DASHBOARD/TOOLS/ONLINE/keccak_224_checksum.html
2022-05-28T07:27:29.9234595Z ./DASHBOARD/TOOLS/ONLINE/shake_256.html
2022-05-28T07:27:29.9234939Z ./DASHBOARD/TOOLS/ONLINE/base32_encode.html
2022-05-28T07:27:29.9235498Z ./DASHBOARD/TOOLS/ONLINE/js/
2022-05-28T07:27:29.9235918Z ./DASHBOARD/TOOLS/ONLINE/js/syntax-highlight.js
2022-05-28T07:27:29.9236244Z ./DASHBOARD/TOOLS/ONLINE/js/main.js
2022-05-28T07:27:29.9236523Z ./DASHBOARD/TOOLS/ONLINE/html_decode.html
2022-05-28T07:27:29.9237007Z ./DASHBOARD/TOOLS/ONLINE/keccak_256_checksum.html
2022-05-28T07:27:29.9237390Z ./DASHBOARD/TOOLS/ONLINE/sha512_224_checksum.html
2022-05-28T07:27:29.9237685Z ./DASHBOARD/TOOLS/ONLINE/sha3_384_checksum.html
2022-05-28T07:27:29.9237999Z ./DASHBOARD/TOOLS/ONLINE/sha1.html
2022-05-28T07:27:29.9238344Z ./DASHBOARD/TOOLS/ONLINE/css/
2022-05-28T07:27:29.9238607Z ./DASHBOARD/TOOLS/ONLINE/css/style.css
2022-05-28T07:27:29.9238936Z ./DASHBOARD/TOOLS/ONLINE/base64_decode.html
2022-05-28T07:27:29.9239246Z ./DASHBOARD/TOOLS/ONLINE/sha512_224.html
2022-05-28T07:27:29.9239589Z ./DASHBOARD/TOOLS/ONLINE/sha224_checksum.html
2022-05-28T07:27:29.9239882Z ./DASHBOARD/TOOLS/ONLINE/md2.html
2022-05-28T07:27:29.9240185Z ./DASHBOARD/TOOLS/ONLINE/README.md
2022-05-28T07:27:29.9240508Z ./DASHBOARD/TOOLS/ONLINE/shake_128.html
2022-05-28T07:27:29.9240777Z ./DASHBOARD/TOOLS/ONLINE/sha3_256.html
2022-05-28T07:27:29.9241115Z ./DASHBOARD/TOOLS/ONLINE/sha3_224_checksum.html
2022-05-28T07:27:29.9241457Z ./DASHBOARD/TOOLS/ONLINE/sha3_224.html
2022-05-28T07:27:29.9241727Z ./DASHBOARD/TOOLS/ONLINE/keccak_224.html
2022-05-28T07:27:29.9242040Z ./DASHBOARD/TOOLS/ONLINE/sha224.html
2022-05-28T07:27:29.9242366Z ./DASHBOARD/TOOLS/ONLINE/url_encode.html
2022-05-28T07:27:29.9358039Z ./DASHBOARD/TOOLS/ONLINE/md4_file_hash.html
2022-05-28T07:27:29.9358357Z ./DASHBOARD/TOOLS/ONLINE/keccak_512_checksum.html
2022-05-28T07:27:29.9358645Z ./DASHBOARD/TOOLS/ONLINE/sha512_256_file_hash.html
2022-05-28T07:27:29.9358919Z ./DASHBOARD/TOOLS/ONLINE/sha256_checksum.html
2022-05-28T07:27:29.9359186Z ./DASHBOARD/TOOLS/ONLINE/sha512_file_hash.html
2022-05-28T07:27:29.9359444Z ./DASHBOARD/TOOLS/CALCULATOR.html
2022-05-28T07:27:29.9359687Z ./DASHBOARD/TOOLS/BROWSHER.html
2022-05-28T07:27:29.9359913Z ./DASHBOARD/TOOLS/AUTO VISITOR/
2022-05-28T07:27:29.9360187Z ./DASHBOARD/TOOLS/AUTO VISITOR/autovisitor.class.php
2022-05-28T07:27:29.9360473Z ./DASHBOARD/TOOLS/AUTO VISITOR/Attack.html
2022-05-28T07:27:29.9360728Z ./DASHBOARD/TOOLS/AUTO VISITOR/index.html
2022-05-28T07:27:29.9361011Z ./DASHBOARD/TOOLS/AUTO VISITOR/randomua.class.php
2022-05-28T07:27:29.9361283Z ./DASHBOARD/TOOLS/AUTO VISITOR/UNLIBOT/
2022-05-28T07:27:29.9361539Z ./DASHBOARD/TOOLS/AUTO VISITOR/UNLIBOT/live.js
2022-05-28T07:27:29.9361817Z ./DASHBOARD/TOOLS/AUTO VISITOR/UNLIBOT/robots.txt
2022-05-28T07:27:29.9362099Z ./DASHBOARD/TOOLS/AUTO VISITOR/UNLIBOT/index.html
2022-05-28T07:27:29.9362373Z ./DASHBOARD/TOOLS/AUTO VISITOR/UNLIBOT/live.html
2022-05-28T07:27:29.9362785Z ./DASHBOARD/TOOLS/AUTO VISITOR/UNLIBOT/live-chat.js
2022-05-28T07:27:29.9363073Z ./DASHBOARD/TOOLS/AUTO VISITOR/UNLIBOT/script.js
2022-05-28T07:27:29.9364744Z ./DASHBOARD/TOOLS/AUTO VISITOR/web-traffic-generator/
2022-05-28T07:27:29.9365158Z ./DASHBOARD/TOOLS/AUTO VISITOR/web-traffic-generator/gen.py
2022-05-28T07:27:29.9365558Z ./DASHBOARD/TOOLS/AUTO VISITOR/web-traffic-generator/index.html
2022-05-28T07:27:29.9366310Z ./DASHBOARD/TOOLS/AUTO VISITOR/web-traffic-generator/config.py.template
2022-05-28T07:27:29.9366741Z ./DASHBOARD/TOOLS/AUTO VISITOR/web-traffic-generator/README.md
2022-05-28T07:27:29.9367046Z ./DASHBOARD/TOOLS/AUTO VISITOR/JINGLING.html
2022-05-28T07:27:29.9367300Z ./DASHBOARD/TOOLS/AUTO VISITOR/index.php
2022-05-28T07:27:29.9367566Z ./DASHBOARD/TOOLS/AUTO VISITOR/MIKROVER.html
2022-05-28T07:27:29.9367811Z ./DASHBOARD/TOOLS/BACKLINK.html
2022-05-28T07:27:29.9368037Z ./DASHBOARD/TOOLS/PASSWORD.html
2022-05-28T07:27:29.9368262Z ./DASHBOARD/TOOLS/CANVAS.html
2022-05-28T07:27:29.9368539Z ./DASHBOARD/TOOLS/LEAN-WEB.html
2022-05-28T07:27:29.9368770Z ./DASHBOARD/TOOLS/CodeSandbox.html
2022-05-28T07:27:29.9369015Z ./DASHBOARD/TOOLS/BUTTONS.html
2022-05-28T07:27:29.9369342Z ./DASHBOARD/TOOLS/website-responsive-tools.html
2022-05-28T07:27:29.9369680Z ./DASHBOARD/TOOLS/iframe-generator.html
2022-05-28T07:27:29.9369965Z ./DASHBOARD/TOOLS/ROT-13.html
2022-05-28T07:27:29.9370254Z ./DASHBOARD/TOOLS/URL-OPPENER.html
2022-05-28T07:27:29.9370550Z ./DASHBOARD/TOOLS/KODE-POST.html
2022-05-28T07:27:29.9383994Z ./DASHBOARD/TOOLS/Handwriting.html
2022-05-28T07:27:29.9384484Z ./DASHBOARD/TOOLS/DOWNLODER/
2022-05-28T07:27:29.9384823Z ./DASHBOARD/TOOLS/DOWNLODER/BIOPAGE.html
2022-05-28T07:27:29.9385076Z ./DASHBOARD/TOOLS/DOWNLODER/wget/
2022-05-28T07:27:29.9385326Z ./DASHBOARD/TOOLS/DOWNLODER/wget/index.js
2022-05-28T07:27:29.9385756Z ./DASHBOARD/TOOLS/DOWNLODER/app.js
2022-05-28T07:27:29.9386000Z ./DASHBOARD/TOOLS/DOWNLODER/index.html
2022-05-28T07:27:29.9386259Z ./DASHBOARD/TOOLS/DOWNLODER/public/
2022-05-28T07:27:29.9386523Z ./DASHBOARD/TOOLS/DOWNLODER/public/Record.gif
2022-05-28T07:27:29.9386788Z ./DASHBOARD/TOOLS/DOWNLODER/public/sites/
2022-05-28T07:27:29.9387080Z ./DASHBOARD/TOOLS/DOWNLODER/public/sites/localhost.zip
2022-05-28T07:27:29.9387379Z ./DASHBOARD/TOOLS/DOWNLODER/public/stylesheets/
2022-05-28T07:27:29.9387670Z ./DASHBOARD/TOOLS/DOWNLODER/public/stylesheets/style.css
2022-05-28T07:27:29.9387953Z ./DASHBOARD/TOOLS/DOWNLODER/stylesheets/
2022-05-28T07:27:29.9388226Z ./DASHBOARD/TOOLS/DOWNLODER/stylesheets/style.css
2022-05-28T07:27:29.9388494Z ./DASHBOARD/TOOLS/DOWNLODER/views/
2022-05-28T07:27:29.9388743Z ./DASHBOARD/TOOLS/DOWNLODER/views/index.hbs
2022-05-28T07:27:29.9389010Z ./DASHBOARD/TOOLS/DOWNLODER/views/layout.hbs
2022-05-28T07:27:29.9389285Z ./DASHBOARD/TOOLS/DOWNLODER/views/error.hbs
2022-05-28T07:27:29.9389525Z ./DASHBOARD/TOOLS/DOWNLODER/socket.io/
2022-05-28T07:27:29.9389801Z ./DASHBOARD/TOOLS/DOWNLODER/socket.io/socket.io.js
2022-05-28T07:27:29.9390065Z ./DASHBOARD/TOOLS/DOWNLODER/bin/
2022-05-28T07:27:29.9390297Z ./DASHBOARD/TOOLS/DOWNLODER/bin/www
2022-05-28T07:27:29.9390539Z ./DASHBOARD/TOOLS/DOWNLODER/archiver/
2022-05-28T07:27:29.9390805Z ./DASHBOARD/TOOLS/DOWNLODER/archiver/index.js
2022-05-28T07:27:29.9391054Z ./DASHBOARD/TOOLS/DOWNLODER/routes/
2022-05-28T07:27:29.9391306Z ./DASHBOARD/TOOLS/DOWNLODER/routes/index.js
2022-05-28T07:27:29.9391570Z ./DASHBOARD/TOOLS/DOWNLODER/routes/users.js
2022-05-28T07:27:29.9391802Z ./DASHBOARD/TOOLS/UNIQEText.html
2022-05-28T07:27:29.9392036Z ./DASHBOARD/TOOLS/Notepad.html
2022-05-28T07:27:29.9392233Z ./css/
2022-05-28T07:27:29.9392537Z ./css/mobile-responsive/
2022-05-28T07:27:29.9392837Z ./css/mobile-responsive/mobile.css
2022-05-28T07:27:29.9393141Z ./css/mobile-responsive/mobile.scss
2022-05-28T07:27:29.9393438Z ./css/mobile-responsive/mobile.css.map
2022-05-28T07:27:29.9393657Z ./css/tools/
2022-05-28T07:27:29.9393916Z ./css/tools/generator-css.html
2022-05-28T07:27:29.9394122Z ./css/stylesheet.css
2022-05-28T07:27:29.9394376Z ./css/fontawesome-all.css
2022-05-28T07:27:29.9394581Z ./css/style.scss
2022-05-28T07:27:29.9394810Z ./css/tab-responsive/
2022-05-28T07:27:29.9395081Z ./css/tab-responsive/tab.css.map
2022-05-28T07:27:29.9395364Z ./css/tab-responsive/tab.scss
2022-05-28T07:27:29.9395633Z ./css/tab-responsive/tab.css
2022-05-28T07:27:29.9395832Z ./css/animate.css
2022-05-28T07:27:29.9396026Z ./css/style.css.map
2022-05-28T07:27:29.9396220Z ./css/bootstrap.css
2022-05-28T07:27:29.9396401Z ./css/style.css
2022-05-28T07:27:29.9396587Z ./assets/
2022-05-28T07:27:29.9396763Z ./assets/css/
2022-05-28T07:27:29.9396946Z ./assets/css/style.css
2022-05-28T07:27:29.9397130Z ./json/
2022-05-28T07:27:29.9397302Z ./json/Ads.json
2022-05-28T07:27:29.9397754Z ./json/client_secret_679591047596-jod09avv1r96sboarnf3ujehfaseqleb.apps.googleusercontent.com.json
2022-05-28T07:27:29.9398127Z ./json/Free_Proxy_List.json
2022-05-28T07:27:29.9398339Z ./json/package.json
2022-05-28T07:27:29.9398510Z ./txt
2022-05-28T07:27:29.9398677Z ./README.md
2022-05-28T07:27:29.9398858Z ./setup.py
2022-05-28T07:27:29.9399027Z ./AwDev.html
2022-05-28T07:27:29.9399199Z ./opt/
2022-05-28T07:27:29.9399374Z ./opt/build/
2022-05-28T07:27:29.9399551Z ./opt/build/repo/
2022-05-28T07:27:29.9399764Z ./opt/build/repo/netlify.toml
2022-05-28T07:27:29.9399961Z ./config/
2022-05-28T07:27:29.9400141Z ./config/default.yml
2022-05-28T07:27:29.9400438Z ./config/custom-environment-variables.yml
2022-05-28T07:27:29.9400699Z ./config/local.template.yml
2022-05-28T07:27:29.9400902Z ./config/test.yml
2022-05-28T07:27:29.9401183Z ./config/development.yml
2022-05-28T07:27:29.9401441Z ./credentials.json
2022-05-28T07:27:29.9401619Z ./img/
2022-05-28T07:27:29.9401854Z ./img/Aw-Downloader.jpg
2022-05-28T07:27:29.9402065Z ./img/resetIcon.png
2022-05-28T07:27:29.9402254Z ./img/favicon.io
2022-05-28T07:27:29.9402449Z ./img/header_wave.svg
2022-05-28T07:27:29.9402666Z ./img/minesweeper_graphs.png
2022-05-28T07:27:29.9402871Z ./img/Awboard.gif
2022-05-28T07:27:29.9403061Z ./img/Aw_square.png
2022-05-28T07:27:29.9403311Z ./img/bubble-sprites.png
2022-05-28T07:27:29.9403501Z ./img/wood.png
2022-05-28T07:27:29.9403687Z ./img/sprite.png
2022-05-28T07:27:29.9403880Z ./img/slider2.jpg
2022-05-28T07:27:29.9404061Z ./img/1x1px.png
2022-05-28T07:27:29.9404304Z ./img/Aw-Downloader.png
2022-05-28T07:27:29.9404500Z ./img/work2.jpg
2022-05-28T07:27:29.9404674Z ./img/about.jpg
2022-05-28T07:27:29.9404850Z ./img/contact.svg
2022-05-28T07:27:29.9405041Z ./img/about_bg.jpg
2022-05-28T07:27:29.9405222Z ./img/skill.svg
2022-05-28T07:27:29.9405406Z ./img/slider.jpg
2022-05-28T07:27:29.9405594Z ./img/footer.jpg
2022-05-28T07:27:29.9405783Z ./img/header_img.svg
2022-05-28T07:27:29.9405981Z ./img/pieces.png
2022-05-28T07:27:29.9406163Z ./img/marble.jpg
2022-05-28T07:27:29.9406341Z ./img/review.jpg
2022-05-28T07:27:29.9406539Z ./img/minesweeper_icon.png
2022-05-28T07:27:29.9406734Z ./faq.html
2022-05-28T07:27:29.9406952Z ./ReadME-Generator/
2022-05-28T07:27:29.9407214Z ./ReadME-Generator/images/
2022-05-28T07:27:29.9407497Z ./ReadME-Generator/images/icon.png
2022-05-28T07:27:29.9407835Z ./ReadME-Generator/images/ReadMEGeneratorBanner.png
2022-05-28T07:27:29.9408165Z ./ReadME-Generator/images/logo.png
2022-05-28T07:27:29.9408618Z ./ReadME-Generator/images/screenshot.png
2022-05-28T07:27:29.9408914Z ./ReadME-Generator/images/index.mg
2022-05-28T07:27:29.9409195Z ./ReadME-Generator/LICENSE.md
2022-05-28T07:27:29.9409527Z ./ReadME-Generator/CODE_OF_CONDUCT.md
2022-05-28T07:27:29.9409809Z ./ReadME-Generator/index.html
2022-05-28T07:27:29.9410076Z ./ReadME-Generator/js/
2022-05-28T07:27:29.9410358Z ./ReadME-Generator/js/script.js
2022-05-28T07:27:29.9410959Z ./ReadME-Generator/js/markdown.js
2022-05-28T07:27:29.9414709Z ./ReadME-Generator/css/
2022-05-28T07:27:29.9414996Z ./ReadME-Generator/css/style.scss
2022-05-28T07:27:29.9415292Z ./ReadME-Generator/css/style.css.map
2022-05-28T07:27:29.9415584Z ./ReadME-Generator/css/style.css
2022-05-28T07:27:29.9415863Z ./ReadME-Generator/README.md
2022-05-28T07:27:29.9416065Z ./Ads.html
2022-05-28T07:27:29.9416246Z ./Bootstrap.html
2022-05-28T07:27:29.9416448Z ./sitemap1.xml
2022-05-28T07:27:29.9448003Z ##[group]Run actions/upload-artifact@main
2022-05-28T07:27:29.9448240Z with:
2022-05-28T07:27:29.9448420Z   name: github-pages
2022-05-28T07:27:29.9448670Z   path: /home/runner/work/_temp/artifact.tar
2022-05-28T07:27:29.9448916Z   retention-days: 1
2022-05-28T07:27:29.9449120Z   if-no-files-found: warn
2022-05-28T07:27:29.9449328Z ##[endgroup]
2022-05-28T07:27:30.1034945Z With the provided path, there will be 1 file uploaded
2022-05-28T07:27:30.1038512Z Starting artifact upload
2022-05-28T07:27:30.1039454Z For more detailed logs during the artifact upload process, enable step-debugging: https://docs.github.com/actions/monitoring-and-troubleshooting-workflows/enabling-debug-logging#enabling-step-debug-logging
2022-05-28T07:27:30.1040528Z Artifact name is valid!
2022-05-28T07:27:30.1996181Z Container for artifact "github-pages" successfully created. Starting upload of file(s)
2022-05-28T07:27:33.7567019Z Uploaded /home/runner/work/_temp/artifact.tar (43.1%) bytes 0:8388607
2022-05-28T07:27:36.3112296Z Uploaded /home/runner/work/_temp/artifact.tar (86.3%) bytes 8388608:16777215
2022-05-28T07:27:37.2161853Z Uploaded /home/runner/work/_temp/artifact.tar (100.0%) bytes 16777216:19429445
2022-05-28T07:27:37.2169657Z Total size of all the files uploaded is 19429446 bytes
2022-05-28T07:27:37.2170161Z File upload process has finished. Finalizing the artifact upload
2022-05-28T07:27:37.2915032Z Artifact has been finalized. All files have been successfully uploaded!
2022-05-28T07:27:37.2915740Z 
2022-05-28T07:27:37.2916368Z The raw size of all the files that were specified for upload is 29593600 bytes
2022-05-28T07:27:37.2916873Z The size of all the files that were uploaded is 19429446 bytes. This takes into account any gzip compression used to reduce the upload size, time and storage
2022-05-28T07:27:37.2917153Z 
2022-05-28T07:27:37.2917749Z Note: The size of downloaded zips can differ significantly from the reported size. For more information see: https://github.com/actions/upload-artifact#zipped-artifact-downloads 
2022-05-28T07:27:37.2918098Z 
2022-05-28T07:27:37.2918309Z Artifact github-pages has been successfully uploaded!
